Archive member included to satisfy reference by file (symbol)

c:/st/stm32cubeide_1.8.0/stm32cubeide/plugins/com.st.stm32cube.ide.mcu.externaltools.gnu-tools-for-stm32.9-2020-q2-update.win32_2.0.0.202105311346/tools/bin/../lib/gcc/arm-none-eabi/9.3.1/../../../../arm-none-eabi/lib/thumb/v7e-m+fp/hard\libc_nano.a(lib_a-errno.o)
                              ./Core/Src/syscalls.o (__errno)
c:/st/stm32cubeide_1.8.0/stm32cubeide/plugins/com.st.stm32cube.ide.mcu.externaltools.gnu-tools-for-stm32.9-2020-q2-update.win32_2.0.0.202105311346/tools/bin/../lib/gcc/arm-none-eabi/9.3.1/../../../../arm-none-eabi/lib/thumb/v7e-m+fp/hard\libc_nano.a(lib_a-exit.o)
                              c:/st/stm32cubeide_1.8.0/stm32cubeide/plugins/com.st.stm32cube.ide.mcu.externaltools.gnu-tools-for-stm32.9-2020-q2-update.win32_2.0.0.202105311346/tools/bin/../lib/gcc/arm-none-eabi/9.3.1/../../../../arm-none-eabi/lib/thumb/v7e-m+fp/hard/crt0.o (exit)
c:/st/stm32cubeide_1.8.0/stm32cubeide/plugins/com.st.stm32cube.ide.mcu.externaltools.gnu-tools-for-stm32.9-2020-q2-update.win32_2.0.0.202105311346/tools/bin/../lib/gcc/arm-none-eabi/9.3.1/../../../../arm-none-eabi/lib/thumb/v7e-m+fp/hard\libc_nano.a(lib_a-impure.o)
                              c:/st/stm32cubeide_1.8.0/stm32cubeide/plugins/com.st.stm32cube.ide.mcu.externaltools.gnu-tools-for-stm32.9-2020-q2-update.win32_2.0.0.202105311346/tools/bin/../lib/gcc/arm-none-eabi/9.3.1/../../../../arm-none-eabi/lib/thumb/v7e-m+fp/hard\libc_nano.a(lib_a-exit.o) (_global_impure_ptr)
c:/st/stm32cubeide_1.8.0/stm32cubeide/plugins/com.st.stm32cube.ide.mcu.externaltools.gnu-tools-for-stm32.9-2020-q2-update.win32_2.0.0.202105311346/tools/bin/../lib/gcc/arm-none-eabi/9.3.1/../../../../arm-none-eabi/lib/thumb/v7e-m+fp/hard\libc_nano.a(lib_a-init.o)
                              c:/st/stm32cubeide_1.8.0/stm32cubeide/plugins/com.st.stm32cube.ide.mcu.externaltools.gnu-tools-for-stm32.9-2020-q2-update.win32_2.0.0.202105311346/tools/bin/../lib/gcc/arm-none-eabi/9.3.1/../../../../arm-none-eabi/lib/thumb/v7e-m+fp/hard/crt0.o (__libc_init_array)
c:/st/stm32cubeide_1.8.0/stm32cubeide/plugins/com.st.stm32cube.ide.mcu.externaltools.gnu-tools-for-stm32.9-2020-q2-update.win32_2.0.0.202105311346/tools/bin/../lib/gcc/arm-none-eabi/9.3.1/../../../../arm-none-eabi/lib/thumb/v7e-m+fp/hard\libc_nano.a(lib_a-memcpy-stub.o)
                              ./Middlewares/Third_Party/FreeRTOS/Source/CMSIS_RTOS_V2/cmsis_os2.o (memcpy)
c:/st/stm32cubeide_1.8.0/stm32cubeide/plugins/com.st.stm32cube.ide.mcu.externaltools.gnu-tools-for-stm32.9-2020-q2-update.win32_2.0.0.202105311346/tools/bin/../lib/gcc/arm-none-eabi/9.3.1/../../../../arm-none-eabi/lib/thumb/v7e-m+fp/hard\libc_nano.a(lib_a-memset.o)
                              c:/st/stm32cubeide_1.8.0/stm32cubeide/plugins/com.st.stm32cube.ide.mcu.externaltools.gnu-tools-for-stm32.9-2020-q2-update.win32_2.0.0.202105311346/tools/bin/../lib/gcc/arm-none-eabi/9.3.1/../../../../arm-none-eabi/lib/thumb/v7e-m+fp/hard/crt0.o (memset)
c:/st/stm32cubeide_1.8.0/stm32cubeide/plugins/com.st.stm32cube.ide.mcu.externaltools.gnu-tools-for-stm32.9-2020-q2-update.win32_2.0.0.202105311346/tools/bin/../lib/gcc/arm-none-eabi/9.3.1/thumb/v7e-m+fp/hard\libgcc.a(_aeabi_uldivmod.o)
                              ./Drivers/STM32F4xx_HAL_Driver/Src/stm32f4xx_hal_rcc.o (__aeabi_uldivmod)
c:/st/stm32cubeide_1.8.0/stm32cubeide/plugins/com.st.stm32cube.ide.mcu.externaltools.gnu-tools-for-stm32.9-2020-q2-update.win32_2.0.0.202105311346/tools/bin/../lib/gcc/arm-none-eabi/9.3.1/thumb/v7e-m+fp/hard\libgcc.a(_udivmoddi4.o)
                              c:/st/stm32cubeide_1.8.0/stm32cubeide/plugins/com.st.stm32cube.ide.mcu.externaltools.gnu-tools-for-stm32.9-2020-q2-update.win32_2.0.0.202105311346/tools/bin/../lib/gcc/arm-none-eabi/9.3.1/thumb/v7e-m+fp/hard\libgcc.a(_aeabi_uldivmod.o) (__udivmoddi4)
c:/st/stm32cubeide_1.8.0/stm32cubeide/plugins/com.st.stm32cube.ide.mcu.externaltools.gnu-tools-for-stm32.9-2020-q2-update.win32_2.0.0.202105311346/tools/bin/../lib/gcc/arm-none-eabi/9.3.1/thumb/v7e-m+fp/hard\libgcc.a(_dvmd_tls.o)
                              c:/st/stm32cubeide_1.8.0/stm32cubeide/plugins/com.st.stm32cube.ide.mcu.externaltools.gnu-tools-for-stm32.9-2020-q2-update.win32_2.0.0.202105311346/tools/bin/../lib/gcc/arm-none-eabi/9.3.1/thumb/v7e-m+fp/hard\libgcc.a(_aeabi_uldivmod.o) (__aeabi_ldiv0)

Allocating common symbols
Common symbol       size              file

hdma_sdio_rx        0x60              ./Core/Src/main.o
retSD               0x1               ./FATFS/App/fatfs.o
defaultTaskHandle   0x4               ./Core/Src/main.o
hspi2               0x58              ./Core/Src/main.o
BinarySemCANHandle  0x4               ./Core/Src/main.o
hi2c1               0x54              ./Core/Src/main.o
hiwdg               0xc               ./Core/Src/main.o
hcrc                0x8               ./Core/Src/main.o
hi2c2               0x54              ./Core/Src/main.o
[...]
Memory Configuration

Name             Origin             Length             Attributes
CCMRAM           0x0000000010000000 0x0000000000010000 xrw
RAM              0x0000000020000000 0x0000000000050000 xrw
FLASH            0x0000000008000000 0x0000000000200000 xr
*default*        0x0000000000000000 0xffffffffffffffff

Linker script and memory map

LOAD c:/st/stm32cubeide_1.8.0/stm32cubeide/plugins/com.st.stm32cube.ide.mcu.externaltools.gnu-tools-for-stm32.9-2020-q2-update.win32_2.0.0.202105311346/tools/bin/../lib/gcc/arm-none-eabi/9.3.1/thumb/v7e-m+fp/hard/crti.o
LOAD c:/st/stm32cubeide_1.8.0/stm32cubeide/plugins/com.st.stm32cube.ide.mcu.externaltools.gnu-tools-for-stm32.9-2020-q2-update.win32_2.0.0.202105311346/tools/bin/../lib/gcc/arm-none-eabi/9.3.1/thumb/v7e-m+fp/hard/crtbegin.o
LOAD c:/st/stm32cubeide_1.8.0/stm32cubeide/plugins/com.st.stm32cube.ide.mcu.externaltools.gnu-tools-for-stm32.9-2020-q2-update.win32_2.0.0.202105311346/tools/bin/../lib/gcc/arm-none-eabi/9.3.1/../../../../arm-none-eabi/lib/thumb/v7e-m+fp/hard/crt0.o
LOAD ./Core/Src/freertos.o
LOAD ./Core/Src/main.o
LOAD ./Core/Src/stm32f4xx_hal_msp.o
LOAD ./Core/Src/stm32f4xx_hal_timebase_tim.o
LOAD ./Core/Src/stm32f4xx_it.o
LOAD ./Core/Src/syscalls.o
LOAD ./Core/Src/sysmem.o
LOAD ./Core/Src/system_stm32f4xx.o
LOAD ./Core/Startup/startup_stm32f469nihx.o
LOAD ./Drivers/STM32F4xx_HAL_Driver/Src/stm32f4xx_hal.o
LOAD ./Drivers/STM32F4xx_HAL_Driver/Src/stm32f4xx_hal_adc.o
LOAD ./Drivers/STM32F4xx_HAL_Driver/Src/stm32f4xx_hal_adc_ex.o
LOAD ./Drivers/STM32F4xx_HAL_Driver/Src/stm32f4xx_hal_can.o
LOAD ./Drivers/STM32F4xx_HAL_Driver/Src/stm32f4xx_hal_cortex.o
LOAD ./Drivers/STM32F4xx_HAL_Driver/Src/stm32f4xx_hal_crc.o
LOAD ./Drivers/STM32F4xx_HAL_Driver/Src/stm32f4xx_hal_dma.o
LOAD ./Drivers/STM32F4xx_HAL_Driver/Src/stm32f4xx_hal_dma2d.o
LOAD ./Drivers/STM32F4xx_HAL_Driver/Src/stm32f4xx_hal_dma_ex.o
LOAD ./Drivers/STM32F4xx_HAL_Driver/Src/stm32f4xx_hal_dsi.o
LOAD ./Drivers/STM32F4xx_HAL_Driver/Src/stm32f4xx_hal_exti.o
LOAD ./Drivers/STM32F4xx_HAL_Driver/Src/stm32f4xx_hal_flash.o
LOAD ./Drivers/STM32F4xx_HAL_Driver/Src/stm32f4xx_hal_flash_ex.o
LOAD ./Drivers/STM32F4xx_HAL_Driver/Src/stm32f4xx_hal_flash_ramfunc.o
LOAD ./Drivers/STM32F4xx_HAL_Driver/Src/stm32f4xx_hal_gpio.o
LOAD ./Drivers/STM32F4xx_HAL_Driver/Src/stm32f4xx_hal_i2c.o
LOAD ./Drivers/STM32F4xx_HAL_Driver/Src/stm32f4xx_hal_i2c_ex.o
LOAD ./Drivers/STM32F4xx_HAL_Driver/Src/stm32f4xx_hal_iwdg.o
LOAD ./Drivers/STM32F4xx_HAL_Driver/Src/stm32f4xx_hal_ltdc.o
LOAD ./Drivers/STM32F4xx_HAL_Driver/Src/stm32f4xx_hal_ltdc_ex.o
LOAD ./Drivers/STM32F4xx_HAL_Driver/Src/stm32f4xx_hal_pwr.o
LOAD ./Drivers/STM32F4xx_HAL_Driver/Src/stm32f4xx_hal_pwr_ex.o
LOAD ./Drivers/STM32F4xx_HAL_Driver/Src/stm32f4xx_hal_qspi.o
LOAD ./Drivers/STM32F4xx_HAL_Driver/Src/stm32f4xx_hal_rcc.o
LOAD ./Drivers/STM32F4xx_HAL_Driver/Src/stm32f4xx_hal_rcc_ex.o
LOAD ./Drivers/STM32F4xx_HAL_Driver/Src/stm32f4xx_hal_sd.o
LOAD ./Drivers/STM32F4xx_HAL_Driver/Src/stm32f4xx_hal_sdram.o
LOAD ./Drivers/STM32F4xx_HAL_Driver/Src/stm32f4xx_hal_spi.o
LOAD ./Drivers/STM32F4xx_HAL_Driver/Src/stm32f4xx_hal_tim.o
LOAD ./Drivers/STM32F4xx_HAL_Driver/Src/stm32f4xx_hal_tim_ex.o
LOAD ./Drivers/STM32F4xx_HAL_Driver/Src/stm32f4xx_hal_uart.o
LOAD ./Drivers/STM32F4xx_HAL_Driver/Src/stm32f4xx_ll_adc.o
LOAD ./Drivers/STM32F4xx_HAL_Driver/Src/stm32f4xx_ll_fmc.o
LOAD ./Drivers/STM32F4xx_HAL_Driver/Src/stm32f4xx_ll_sdmmc.o
LOAD ./FATFS/App/fatfs.o
LOAD ./FATFS/Target/bsp_driver_sd.o
LOAD ./FATFS/Target/sd_diskio.o
LOAD ./Middlewares/Third_Party/FatFs/src/diskio.o
LOAD ./Middlewares/Third_Party/FatFs/src/ff.o
LOAD ./Middlewares/Third_Party/FatFs/src/ff_gen_drv.o
LOAD ./Middlewares/Third_Party/FatFs/src/option/syscall.o
LOAD ./Middlewares/Third_Party/FreeRTOS/Source/CMSIS_RTOS_V2/cmsis_os2.o
LOAD ./Middlewares/Third_Party/FreeRTOS/Source/croutine.o
LOAD ./Middlewares/Third_Party/FreeRTOS/Source/event_groups.o
LOAD ./Middlewares/Third_Party/FreeRTOS/Source/list.o
LOAD ./Middlewares/Third_Party/FreeRTOS/Source/queue.o
LOAD ./Middlewares/Third_Party/FreeRTOS/Source/stream_buffer.o
LOAD ./Middlewares/Third_Party/FreeRTOS/Source/tasks.o
LOAD ./Middlewares/Third_Party/FreeRTOS/Source/timers.o
LOAD ./Middlewares/Third_Party/FreeRTOS/Source/portable/GCC/ARM_CM4F/port.o
LOAD ./Middlewares/Third_Party/FreeRTOS/Source/portable/MemMang/heap_4.o
START GROUP
LOAD c:/st/stm32cubeide_1.8.0/stm32cubeide/plugins/com.st.stm32cube.ide.mcu.externaltools.gnu-tools-for-stm32.9-2020-q2-update.win32_2.0.0.202105311346/tools/bin/../lib/gcc/arm-none-eabi/9.3.1/../../../../arm-none-eabi/lib/thumb/v7e-m+fp/hard\libc_nano.a
LOAD c:/st/stm32cubeide_1.8.0/stm32cubeide/plugins/com.st.stm32cube.ide.mcu.externaltools.gnu-tools-for-stm32.9-2020-q2-update.win32_2.0.0.202105311346/tools/bin/../lib/gcc/arm-none-eabi/9.3.1/../../../../arm-none-eabi/lib/thumb/v7e-m+fp/hard\libm.a
END GROUP
START GROUP
LOAD c:/st/stm32cubeide_1.8.0/stm32cubeide/plugins/com.st.stm32cube.ide.mcu.externaltools.gnu-tools-for-stm32.9-2020-q2-update.win32_2.0.0.202105311346/tools/bin/../lib/gcc/arm-none-eabi/9.3.1/thumb/v7e-m+fp/hard\libgcc.a
LOAD c:/st/stm32cubeide_1.8.0/stm32cubeide/plugins/com.st.stm32cube.ide.mcu.externaltools.gnu-tools-for-stm32.9-2020-q2-update.win32_2.0.0.202105311346/tools/bin/../lib/gcc/arm-none-eabi/9.3.1/../../../../arm-none-eabi/lib/thumb/v7e-m+fp/hard\libc_nano.a
END GROUP
START GROUP
LOAD c:/st/stm32cubeide_1.8.0/stm32cubeide/plugins/com.st.stm32cube.ide.mcu.externaltools.gnu-tools-for-stm32.9-2020-q2-update.win32_2.0.0.202105311346/tools/bin/../lib/gcc/arm-none-eabi/9.3.1/thumb/v7e-m+fp/hard\libgcc.a
LOAD c:/st/stm32cubeide_1.8.0/stm32cubeide/plugins/com.st.stm32cube.ide.mcu.externaltools.gnu-tools-for-stm32.9-2020-q2-update.win32_2.0.0.202105311346/tools/bin/../lib/gcc/arm-none-eabi/9.3.1/../../../../arm-none-eabi/lib/thumb/v7e-m+fp/hard\libc_nano.a
LOAD c:/st/stm32cubeide_1.8.0/stm32cubeide/plugins/com.st.stm32cube.ide.mcu.externaltools.gnu-tools-for-stm32.9-2020-q2-update.win32_2.0.0.202105311346/tools/bin/../lib/gcc/arm-none-eabi/9.3.1/../../../../arm-none-eabi/lib/thumb/v7e-m+fp/hard\libnosys.a
END GROUP
START GROUP
LOAD c:/st/stm32cubeide_1.8.0/stm32cubeide/plugins/com.st.stm32cube.ide.mcu.externaltools.gnu-tools-for-stm32.9-2020-q2-update.win32_2.0.0.202105311346/tools/bin/../lib/gcc/arm-none-eabi/9.3.1/thumb/v7e-m+fp/hard\libgcc.a
LOAD c:/st/stm32cubeide_1.8.0/stm32cubeide/plugins/com.st.stm32cube.ide.mcu.externaltools.gnu-tools-for-stm32.9-2020-q2-update.win32_2.0.0.202105311346/tools/bin/../lib/gcc/arm-none-eabi/9.3.1/../../../../arm-none-eabi/lib/thumb/v7e-m+fp/hard\libc_nano.a
LOAD c:/st/stm32cubeide_1.8.0/stm32cubeide/plugins/com.st.stm32cube.ide.mcu.externaltools.gnu-tools-for-stm32.9-2020-q2-update.win32_2.0.0.202105311346/tools/bin/../lib/gcc/arm-none-eabi/9.3.1/../../../../arm-none-eabi/lib/thumb/v7e-m+fp/hard\libnosys.a
END GROUP
LOAD c:/st/stm32cubeide_1.8.0/stm32cubeide/plugins/com.st.stm32cube.ide.mcu.externaltools.gnu-tools-for-stm32.9-2020-q2-update.win32_2.0.0.202105311346/tools/bin/../lib/gcc/arm-none-eabi/9.3.1/thumb/v7e-m+fp/hard/crtend.o
LOAD c:/st/stm32cubeide_1.8.0/stm32cubeide/plugins/com.st.stm32cube.ide.mcu.externaltools.gnu-tools-for-stm32.9-2020-q2-update.win32_2.0.0.202105311346/tools/bin/../lib/gcc/arm-none-eabi/9.3.1/thumb/v7e-m+fp/hard/crtn.o
                0x0000000020050000                _estack = (ORIGIN (RAM) + LENGTH (RAM))
                0x0000000000001000                _Min_Heap_Size = 0x1000
                0x0000000000001000                _Min_Stack_Size = 0x1000

.isr_vector     0x0000000008000000      0x1b4
                0x0000000008000000                . = ALIGN (0x4)
 *(.isr_vector)
 .isr_vector    0x0000000008000000      0x1b4 ./Core/Startup/startup_stm32f469nihx.o
                0x0000000008000000                g_pfnVectors
                0x00000000080001b4                . = ALIGN (0x4)

.text           0x00000000080001c0     0xc598
                0x00000000080001c0                . = ALIGN (0x4)
 *(.text)
 .text          0x00000000080001c0       0x40 c:/st/stm32cubeide_1.8.0/stm32cubeide/plugins/com.st.stm32cube.ide.mcu.externaltools.gnu-tools-for-stm32.9-2020-q2-update.win32_2.0.0.202105311346/tools/bin/../lib/gcc/arm-none-eabi/9.3.1/thumb/v7e-m+fp/hard/crtbegin.o
 .text          0x0000000008000200       0x30 c:/st/stm32cubeide_1.8.0/stm32cubeide/plugins/com.st.stm32cube.ide.mcu.externaltools.gnu-tools-for-stm32.9-2020-q2-update.win32_2.0.0.202105311346/tools/bin/../lib/gcc/arm-none-eabi/9.3.1/thumb/v7e-m+fp/hard\libgcc.a(_aeabi_uldivmod.o)
                0x0000000008000200                __aeabi_uldivmod
 .text          0x0000000008000230      0x2c4 c:/st/stm32cubeide_1.8.0/stm32cubeide/plugins/com.st.stm32cube.ide.mcu.externaltools.gnu-tools-for-stm32.9-2020-q2-update.win32_2.0.0.202105311346/tools/bin/../lib/gcc/arm-none-eabi/9.3.1/thumb/v7e-m+fp/hard\libgcc.a(_udivmoddi4.o)
                0x0000000008000230                __udivmoddi4
 .text          0x00000000080004f4        0x4 c:/st/stm32cubeide_1.8.0/stm32cubeide/plugins/com.st.stm32cube.ide.mcu.externaltools.gnu-tools-for-stm32.9-2020-q2-update.win32_2.0.0.202105311346/tools/bin/../lib/gcc/arm-none-eabi/9.3.1/thumb/v7e-m+fp/hard\libgcc.a(_dvmd_tls.o)
                0x00000000080004f4                __aeabi_idiv0
                0x00000000080004f4                __aeabi_ldiv0
 *(.text*)
 .text.vApplicationIdleHook
                0x00000000080004f8        0xe ./Core/Src/freertos.o
                0x00000000080004f8                vApplicationIdleHook
 *fill*         0x0000000008000506        0x2 
 .text.main     0x0000000008000508       0x98 ./Core/Src/main.o
                0x0000000008000508                main
 .text.SystemClock_Config
                0x00000000080005a0       0xe8 ./Core/Src/main.o
                0x00000000080005a0                SystemClock_Config
 .text.MX_ADC1_Init
                0x0000000008000688       0xa8 ./Core/Src/main.o
 .text.MX_CAN1_Init
                0x0000000008000730       0x6c ./Core/Src/main.o
 .text.MX_CAN2_Init
                0x000000000800079c       0x6c ./Core/Src/main.o
 .text.MX_CRC_Init
                0x0000000008000808       0x28 ./Core/Src/main.o
 .text.MX_DMA2D_Init
                0x0000000008000830       0x64 ./Core/Src/main.o
 .text.MX_DSIHOST_DSI_Init
                0x0000000008000894      0x200 ./Core/Src/main.o
 .text.MX_I2C1_Init
                0x0000000008000a94       0x5c ./Core/Src/main.o
 .text.MX_I2C2_Init
                0x0000000008000af0       0x5c ./Core/Src/main.o
 .text.MX_IWDG_Init
                0x0000000008000b4c       0x34 ./Core/Src/main.o
 .text.MX_LTDC_Init
                0x0000000008000b80       0xfc ./Core/Src/main.o
 .text.MX_QUADSPI_Init
                0x0000000008000c7c       0x58 ./Core/Src/main.o
 .text.MX_SDIO_SD_Init
                0x0000000008000cd4       0x40 ./Core/Src/main.o
 .text.MX_SPI2_Init
                0x0000000008000d14       0x6c ./Core/Src/main.o
 .text.MX_TIM2_Init
                0x0000000008000d80       0x9c ./Core/Src/main.o
 .text.MX_USART6_UART_Init
                0x0000000008000e1c       0x58 ./Core/Src/main.o
 .text.MX_DMA_Init
                0x0000000008000e74       0x50 ./Core/Src/main.o
 .text.MX_FMC_Init
                0x0000000008000ec4       0xa0 ./Core/Src/main.o
 .text.MX_GPIO_Init
                0x0000000008000f64      0x254 ./Core/Src/main.o
 .text.StartDefaultTask
                0x00000000080011b8       0x10 ./Core/Src/main.o
                0x00000000080011b8                StartDefaultTask
 .text.HAL_TIM_PeriodElapsedCallback
                0x00000000080011c8       0x24 ./Core/Src/main.o
                0x00000000080011c8                HAL_TIM_PeriodElapsedCallback
 .text.Error_Handler
                0x00000000080011ec        0xa ./Core/Src/main.o
                0x00000000080011ec                Error_Handler
 *fill*         0x00000000080011f6        0x2 
 .text.HAL_MspInit
                0x00000000080011f8       0x58 ./Core/Src/stm32f4xx_hal_msp.o
                0x00000000080011f8                HAL_MspInit
 .text.HAL_ADC_MspInit
                0x0000000008001250       0x44 ./Core/Src/stm32f4xx_hal_msp.o
                0x0000000008001250                HAL_ADC_MspInit
 .text.HAL_CAN_MspInit
                0x0000000008001294      0x164 ./Core/Src/stm32f4xx_hal_msp.o
                0x0000000008001294                HAL_CAN_MspInit
 .text.HAL_CRC_MspInit
                0x00000000080013f8       0x44 ./Core/Src/stm32f4xx_hal_msp.o
                0x00000000080013f8                HAL_CRC_MspInit
 .text.HAL_DMA2D_MspInit
                0x000000000800143c       0x50 ./Core/Src/stm32f4xx_hal_msp.o
                0x000000000800143c                HAL_DMA2D_MspInit
 .text.HAL_DSI_MspInit
                0x000000000800148c       0xa0 ./Core/Src/stm32f4xx_hal_msp.o
                0x000000000800148c                HAL_DSI_MspInit
 .text.HAL_I2C_MspInit
                0x000000000800152c       0xfc ./Core/Src/stm32f4xx_hal_msp.o
                0x000000000800152c                HAL_I2C_MspInit
 .text.HAL_LTDC_MspInit
                0x0000000008001628       0x80 ./Core/Src/stm32f4xx_hal_msp.o
                0x0000000008001628                HAL_LTDC_MspInit
 .text.HAL_QSPI_MspInit
                0x00000000080016a8       0xf4 ./Core/Src/stm32f4xx_hal_msp.o
                0x00000000080016a8                HAL_QSPI_MspInit
 .text.HAL_SD_MspInit
                0x000000000800179c      0x230 ./Core/Src/stm32f4xx_hal_msp.o
                0x000000000800179c                HAL_SD_MspInit
 .text.HAL_SPI_MspInit
                0x00000000080019cc       0xd0 ./Core/Src/stm32f4xx_hal_msp.o
                0x00000000080019cc                HAL_SPI_MspInit
 .text.HAL_TIM_Base_MspInit
                0x0000000008001a9c       0x4c ./Core/Src/stm32f4xx_hal_msp.o
                0x0000000008001a9c                HAL_TIM_Base_MspInit
 .text.HAL_UART_MspInit
                0x0000000008001ae8       0x90 ./Core/Src/stm32f4xx_hal_msp.o
                0x0000000008001ae8                HAL_UART_MspInit
 .text.HAL_FMC_MspInit
                0x0000000008001b78      0x14c ./Core/Src/stm32f4xx_hal_msp.o
 .text.HAL_SDRAM_MspInit
                0x0000000008001cc4       0x14 ./Core/Src/stm32f4xx_hal_msp.o
                0x0000000008001cc4                HAL_SDRAM_MspInit
 .text.HAL_InitTick
                0x0000000008001cd8       0xb4 ./Core/Src/stm32f4xx_hal_timebase_tim.o
                0x0000000008001cd8                HAL_InitTick
 .text.NMI_Handler
                0x0000000008001d8c        0x6 ./Core/Src/stm32f4xx_it.o
                0x0000000008001d8c                NMI_Handler
 .text.HardFault_Handler
                0x0000000008001d92        0x6 ./Core/Src/stm32f4xx_it.o
                0x0000000008001d92                HardFault_Handler
 .text.MemManage_Handler
                0x0000000008001d98        0x6 ./Core/Src/stm32f4xx_it.o
                0x0000000008001d98                MemManage_Handler
 .text.BusFault_Handler
                0x0000000008001d9e        0x6 ./Core/Src/stm32f4xx_it.o
                0x0000000008001d9e                BusFault_Handler
 .text.UsageFault_Handler
                0x0000000008001da4        0x6 ./Core/Src/stm32f4xx_it.o
                0x0000000008001da4                UsageFault_Handler
 .text.DebugMon_Handler
                0x0000000008001daa        0xe ./Core/Src/stm32f4xx_it.o
                0x0000000008001daa                DebugMon_Handler
 .text.CAN1_RX0_IRQHandler
                0x0000000008001db8       0x14 ./Core/Src/stm32f4xx_it.o
                0x0000000008001db8                CAN1_RX0_IRQHandler
 .text.TIM2_IRQHandler
                0x0000000008001dcc       0x14 ./Core/Src/stm32f4xx_it.o
                0x0000000008001dcc                TIM2_IRQHandler
 .text.SDIO_IRQHandler
                0x0000000008001de0       0x14 ./Core/Src/stm32f4xx_it.o
                0x0000000008001de0                SDIO_IRQHandler
 .text.TIM6_DAC_IRQHandler
                0x0000000008001df4        0xe ./Core/Src/stm32f4xx_it.o
                0x0000000008001df4                TIM6_DAC_IRQHandler
 .text.DMA2_Stream3_IRQHandler
                0x0000000008001e02        0xe ./Core/Src/stm32f4xx_it.o
                0x0000000008001e02                DMA2_Stream3_IRQHandler
 .text.CAN2_RX1_IRQHandler
                0x0000000008001e10       0x14 ./Core/Src/stm32f4xx_it.o
                0x0000000008001e10                CAN2_RX1_IRQHandler
 .text.DMA2_Stream6_IRQHandler
                0x0000000008001e24        0xe ./Core/Src/stm32f4xx_it.o
                0x0000000008001e24                DMA2_Stream6_IRQHandler
 *fill*         0x0000000008001e32        0x2 
 .text.LTDC_IRQHandler
                0x0000000008001e34       0x14 ./Core/Src/stm32f4xx_it.o
                0x0000000008001e34                LTDC_IRQHandler
 .text.DMA2D_IRQHandler
                0x0000000008001e48       0x14 ./Core/Src/stm32f4xx_it.o
                0x0000000008001e48                DMA2D_IRQHandler
 .text.DSI_IRQHandler
                0x0000000008001e5c       0x14 ./Core/Src/stm32f4xx_it.o
                0x0000000008001e5c                DSI_IRQHandler
 .text.SystemInit
                0x0000000008001e70       0x24 ./Core/Src/system_stm32f4xx.o
                0x0000000008001e70                SystemInit
 .text.Reset_Handler
                0x0000000008001e94       0x50 ./Core/Startup/startup_stm32f469nihx.o
                0x0000000008001e94                Reset_Handler
 .text.Default_Handler
                0x0000000008001ee4        0x2 ./Core/Startup/startup_stm32f469nihx.o
                0x0000000008001ee4                RTC_Alarm_IRQHandler
                0x0000000008001ee4                HASH_RNG_IRQHandler
                0x0000000008001ee4                EXTI2_IRQHandler
                0x0000000008001ee4                TIM8_CC_IRQHandler
                0x0000000008001ee4                UART8_IRQHandler
                0x0000000008001ee4                SPI4_IRQHandler
                0x0000000008001ee4                TIM1_CC_IRQHandler
                0x0000000008001ee4                DMA2_Stream5_IRQHandler
                0x0000000008001ee4                DMA1_Stream5_IRQHandler
                0x0000000008001ee4                PVD_IRQHandler
                0x0000000008001ee4                TAMP_STAMP_IRQHandler
                0x0000000008001ee4                EXTI3_IRQHandler
                0x0000000008001ee4                TIM8_TRG_COM_TIM14_IRQHandler
                0x0000000008001ee4                TIM1_UP_TIM10_IRQHandler
                0x0000000008001ee4                TIM8_UP_TIM13_IRQHandler
                0x0000000008001ee4                I2C3_ER_IRQHandler
                0x0000000008001ee4                EXTI0_IRQHandler
                0x0000000008001ee4                I2C2_EV_IRQHandler
                0x0000000008001ee4                DMA1_Stream2_IRQHandler
                0x0000000008001ee4                FPU_IRQHandler
                0x0000000008001ee4                OTG_HS_WKUP_IRQHandler
                0x0000000008001ee4                LTDC_ER_IRQHandler
                0x0000000008001ee4                CAN2_SCE_IRQHandler
                0x0000000008001ee4                DMA2_Stream2_IRQHandler
                0x0000000008001ee4                SPI1_IRQHandler
                0x0000000008001ee4                TIM1_BRK_TIM9_IRQHandler
                0x0000000008001ee4                DCMI_IRQHandler
                0x0000000008001ee4                CAN2_RX0_IRQHandler
                0x0000000008001ee4                USART6_IRQHandler
                0x0000000008001ee4                USART3_IRQHandler
                0x0000000008001ee4                CAN1_RX1_IRQHandler
                0x0000000008001ee4                UART5_IRQHandler
                0x0000000008001ee4                DMA2_Stream0_IRQHandler
                0x0000000008001ee4                TIM4_IRQHandler
                0x0000000008001ee4                QUADSPI_IRQHandler
                0x0000000008001ee4                I2C1_EV_IRQHandler
                0x0000000008001ee4                DMA1_Stream6_IRQHandler
                0x0000000008001ee4                DMA1_Stream1_IRQHandler
                0x0000000008001ee4                UART4_IRQHandler
                0x0000000008001ee4                TIM3_IRQHandler
                0x0000000008001ee4                RCC_IRQHandler
                0x0000000008001ee4                TIM8_BRK_TIM12_IRQHandler
                0x0000000008001ee4                Default_Handler
                0x0000000008001ee4                EXTI15_10_IRQHandler
                0x0000000008001ee4                ADC_IRQHandler
                0x0000000008001ee4                DMA1_Stream7_IRQHandler
                0x0000000008001ee4                SPI5_IRQHandler
                0x0000000008001ee4                TIM7_IRQHandler
                0x0000000008001ee4                CAN2_TX_IRQHandler
                0x0000000008001ee4                TIM5_IRQHandler
                0x0000000008001ee4                DMA2_Stream7_IRQHandler
                0x0000000008001ee4                I2C3_EV_IRQHandler
                0x0000000008001ee4                EXTI9_5_IRQHandler
                0x0000000008001ee4                RTC_WKUP_IRQHandler
                0x0000000008001ee4                ETH_WKUP_IRQHandler
                0x0000000008001ee4                SPI2_IRQHandler
                0x0000000008001ee4                OTG_HS_EP1_IN_IRQHandler
                0x0000000008001ee4                DMA1_Stream0_IRQHandler
                0x0000000008001ee4                CAN1_TX_IRQHandler
                0x0000000008001ee4                EXTI4_IRQHandler
                0x0000000008001ee4                ETH_IRQHandler
                0x0000000008001ee4                OTG_HS_EP1_OUT_IRQHandler
                0x0000000008001ee4                WWDG_IRQHandler
                0x0000000008001ee4                SPI6_IRQHandler
                0x0000000008001ee4                OTG_FS_WKUP_IRQHandler
                0x0000000008001ee4                TIM1_TRG_COM_TIM11_IRQHandler
                0x0000000008001ee4                OTG_HS_IRQHandler
                0x0000000008001ee4                EXTI1_IRQHandler
                0x0000000008001ee4                UART7_IRQHandler
                0x0000000008001ee4                USART2_IRQHandler
                0x0000000008001ee4                I2C2_ER_IRQHandler
                0x0000000008001ee4                DMA2_Stream1_IRQHandler
                0x0000000008001ee4                CAN1_SCE_IRQHandler
                0x0000000008001ee4                FLASH_IRQHandler
                0x0000000008001ee4                DMA2_Stream4_IRQHandler
                0x0000000008001ee4                USART1_IRQHandler
                0x0000000008001ee4                OTG_FS_IRQHandler
                0x0000000008001ee4                SPI3_IRQHandler
                0x0000000008001ee4                DMA1_Stream4_IRQHandler
                0x0000000008001ee4                I2C1_ER_IRQHandler
                0x0000000008001ee4                FMC_IRQHandler
                0x0000000008001ee4                SAI1_IRQHandler
                0x0000000008001ee4                DMA1_Stream3_IRQHandler
 *fill*         0x0000000008001ee6        0x2 
 .text.HAL_Init
                0x0000000008001ee8       0x44 ./Drivers/STM32F4xx_HAL_Driver/Src/stm32f4xx_hal.o
                0x0000000008001ee8                HAL_Init
 .text.HAL_IncTick
                0x0000000008001f2c       0x28 ./Drivers/STM32F4xx_HAL_Driver/Src/stm32f4xx_hal.o
                0x0000000008001f2c                HAL_IncTick
 .text.HAL_GetTick
                0x0000000008001f54       0x18 ./Drivers/STM32F4xx_HAL_Driver/Src/stm32f4xx_hal.o
                0x0000000008001f54                HAL_GetTick
 .text.HAL_Delay
                0x0000000008001f6c       0x48 ./Drivers/STM32F4xx_HAL_Driver/Src/stm32f4xx_hal.o
                0x0000000008001f6c                HAL_Delay
 .text.HAL_ADC_Init
                0x0000000008001fb4       0x86 ./Drivers/STM32F4xx_HAL_Driver/Src/stm32f4xx_hal_adc.o
                0x0000000008001fb4                HAL_ADC_Init
 *fill*         0x000000000800203a        0x2 
 .text.HAL_ADC_ConfigChannel
                0x000000000800203c      0x264 ./Drivers/STM32F4xx_HAL_Driver/Src/stm32f4xx_hal_adc.o
                0x000000000800203c                HAL_ADC_ConfigChannel
 .text.ADC_Init
                0x00000000080022a0      0x1f8 ./Drivers/STM32F4xx_HAL_Driver/Src/stm32f4xx_hal_adc.o
 .text.HAL_CAN_Init
                0x0000000008002498      0x1f6 ./Drivers/STM32F4xx_HAL_Driver/Src/stm32f4xx_hal_can.o
                0x0000000008002498                HAL_CAN_Init
 .text.HAL_CAN_IRQHandler
                0x000000000800268e      0x36e ./Drivers/STM32F4xx_HAL_Driver/Src/stm32f4xx_hal_can.o
                0x000000000800268e                HAL_CAN_IRQHandler
 .text.HAL_CAN_TxMailbox0CompleteCallback
                0x00000000080029fc       0x14 ./Drivers/STM32F4xx_HAL_Driver/Src/stm32f4xx_hal_can.o
                0x00000000080029fc                HAL_CAN_TxMailbox0CompleteCallback
 .text.HAL_CAN_TxMailbox1CompleteCallback
                0x0000000008002a10       0x14 ./Drivers/STM32F4xx_HAL_Driver/Src/stm32f4xx_hal_can.o
                0x0000000008002a10                HAL_CAN_TxMailbox1CompleteCallback
 .text.HAL_CAN_TxMailbox2CompleteCallback
                0x0000000008002a24       0x14 ./Drivers/STM32F4xx_HAL_Driver/Src/stm32f4xx_hal_can.o
                0x0000000008002a24                HAL_CAN_TxMailbox2CompleteCallback
 .text.HAL_CAN_TxMailbox0AbortCallback
                0x0000000008002a38       0x14 ./Drivers/STM32F4xx_HAL_Driver/Src/stm32f4xx_hal_can.o
                0x0000000008002a38                HAL_CAN_TxMailbox0AbortCallback
 .text.HAL_CAN_TxMailbox1AbortCallback
                0x0000000008002a4c       0x14 ./Drivers/STM32F4xx_HAL_Driver/Src/stm32f4xx_hal_can.o
                0x0000000008002a4c                HAL_CAN_TxMailbox1AbortCallback
 .text.HAL_CAN_TxMailbox2AbortCallback
                0x0000000008002a60       0x14 ./Drivers/STM32F4xx_HAL_Driver/Src/stm32f4xx_hal_can.o
                0x0000000008002a60                HAL_CAN_TxMailbox2AbortCallback
 .text.HAL_CAN_RxFifo0MsgPendingCallback
                0x0000000008002a74       0x14 ./Drivers/STM32F4xx_HAL_Driver/Src/stm32f4xx_hal_can.o
                0x0000000008002a74                HAL_CAN_RxFifo0MsgPendingCallback
 .text.HAL_CAN_RxFifo0FullCallback
                0x0000000008002a88       0x14 ./Drivers/STM32F4xx_HAL_Driver/Src/stm32f4xx_hal_can.o
                0x0000000008002a88                HAL_CAN_RxFifo0FullCallback
 .text.HAL_CAN_RxFifo1MsgPendingCallback
                0x0000000008002a9c       0x14 ./Drivers/STM32F4xx_HAL_Driver/Src/stm32f4xx_hal_can.o
                0x0000000008002a9c                HAL_CAN_RxFifo1MsgPendingCallback
 .text.HAL_CAN_RxFifo1FullCallback
                0x0000000008002ab0       0x14 ./Drivers/STM32F4xx_HAL_Driver/Src/stm32f4xx_hal_can.o
                0x0000000008002ab0                HAL_CAN_RxFifo1FullCallback
 .text.HAL_CAN_SleepCallback
                0x0000000008002ac4       0x14 ./Drivers/STM32F4xx_HAL_Driver/Src/stm32f4xx_hal_can.o
                0x0000000008002ac4                HAL_CAN_SleepCallback
 .text.HAL_CAN_WakeUpFromRxMsgCallback
                0x0000000008002ad8       0x14 ./Drivers/STM32F4xx_HAL_Driver/Src/stm32f4xx_hal_can.o
                0x0000000008002ad8                HAL_CAN_WakeUpFromRxMsgCallback
 .text.HAL_CAN_ErrorCallback
                0x0000000008002aec       0x14 ./Drivers/STM32F4xx_HAL_Driver/Src/stm32f4xx_hal_can.o
                0x0000000008002aec                HAL_CAN_ErrorCallback
 .text.__NVIC_SetPriorityGrouping
                0x0000000008002b00       0x48 ./Drivers/STM32F4xx_HAL_Driver/Src/stm32f4xx_hal_cortex.o
 .text.__NVIC_GetPriorityGrouping
                0x0000000008002b48       0x1c ./Drivers/STM32F4xx_HAL_Driver/Src/stm32f4xx_hal_cortex.o
 .text.__NVIC_EnableIRQ
                0x0000000008002b64       0x3c ./Drivers/STM32F4xx_HAL_Driver/Src/stm32f4xx_hal_cortex.o
 .text.__NVIC_SetPriority
                0x0000000008002ba0       0x54 ./Drivers/STM32F4xx_HAL_Driver/Src/stm32f4xx_hal_cortex.o
 .text.NVIC_EncodePriority
                0x0000000008002bf4       0x66 ./Drivers/STM32F4xx_HAL_Driver/Src/stm32f4xx_hal_cortex.o
 .text.HAL_NVIC_SetPriorityGrouping
                0x0000000008002c5a       0x16 ./Drivers/STM32F4xx_HAL_Driver/Src/stm32f4xx_hal_cortex.o
                0x0000000008002c5a                HAL_NVIC_SetPriorityGrouping
 .text.HAL_NVIC_SetPriority
                0x0000000008002c70       0x38 ./Drivers/STM32F4xx_HAL_Driver/Src/stm32f4xx_hal_cortex.o
                0x0000000008002c70                HAL_NVIC_SetPriority
 .text.HAL_NVIC_EnableIRQ
                0x0000000008002ca8       0x1c ./Drivers/STM32F4xx_HAL_Driver/Src/stm32f4xx_hal_cortex.o
                0x0000000008002ca8                HAL_NVIC_EnableIRQ
 .text.HAL_CRC_Init
                0x0000000008002cc4       0x38 ./Drivers/STM32F4xx_HAL_Driver/Src/stm32f4xx_hal_crc.o
                0x0000000008002cc4                HAL_CRC_Init
 .text.HAL_DMA_Init
                0x0000000008002cfc      0x15c ./Drivers/STM32F4xx_HAL_Driver/Src/stm32f4xx_hal_dma.o
                0x0000000008002cfc                HAL_DMA_Init
 .text.HAL_DMA_Start_IT
                0x0000000008002e58       0xb0 ./Drivers/STM32F4xx_HAL_Driver/Src/stm32f4xx_hal_dma.o
                0x0000000008002e58                HAL_DMA_Start_IT
 .text.HAL_DMA_Abort_IT
                0x0000000008002f08       0x44 ./Drivers/STM32F4xx_HAL_Driver/Src/stm32f4xx_hal_dma.o
                0x0000000008002f08                HAL_DMA_Abort_IT
 .text.HAL_DMA_GetError
                0x0000000008002f4c       0x18 ./Drivers/STM32F4xx_HAL_Driver/Src/stm32f4xx_hal_dma.o
                0x0000000008002f4c                HAL_DMA_GetError
 .text.DMA_SetConfig
                0x0000000008002f64       0x5c ./Drivers/STM32F4xx_HAL_Driver/Src/stm32f4xx_hal_dma.o
 .text.DMA_CalcBaseAndBitshift
                0x0000000008002fc0       0x6c ./Drivers/STM32F4xx_HAL_Driver/Src/stm32f4xx_hal_dma.o
 .text.DMA_CheckFifoParam
                0x000000000800302c       0xf8 ./Drivers/STM32F4xx_HAL_Driver/Src/stm32f4xx_hal_dma.o
 .text.HAL_DMA2D_Init
                0x0000000008003124       0x92 ./Drivers/STM32F4xx_HAL_Driver/Src/stm32f4xx_hal_dma2d.o
                0x0000000008003124                HAL_DMA2D_Init
 .text.HAL_DMA2D_IRQHandler
                0x00000000080031b6      0x1f8 ./Drivers/STM32F4xx_HAL_Driver/Src/stm32f4xx_hal_dma2d.o
                0x00000000080031b6                HAL_DMA2D_IRQHandler
 .text.HAL_DMA2D_LineEventCallback
                0x00000000080033ae       0x14 ./Drivers/STM32F4xx_HAL_Driver/Src/stm32f4xx_hal_dma2d.o
                0x00000000080033ae                HAL_DMA2D_LineEventCallback
 .text.HAL_DMA2D_CLUTLoadingCpltCallback
                0x00000000080033c2       0x14 ./Drivers/STM32F4xx_HAL_Driver/Src/stm32f4xx_hal_dma2d.o
                0x00000000080033c2                HAL_DMA2D_CLUTLoadingCpltCallback
 *fill*         0x00000000080033d6        0x2 
 .text.HAL_DMA2D_ConfigLayer
                0x00000000080033d8      0x124 ./Drivers/STM32F4xx_HAL_Driver/Src/stm32f4xx_hal_dma2d.o
                0x00000000080033d8                HAL_DMA2D_ConfigLayer
 .text.HAL_DSI_Init
                0x00000000080034fc      0x234 ./Drivers/STM32F4xx_HAL_Driver/Src/stm32f4xx_hal_dsi.o
                0x00000000080034fc                HAL_DSI_Init
 .text.HAL_DSI_ConfigErrorMonitor
                0x0000000008003730      0x17a ./Drivers/STM32F4xx_HAL_Driver/Src/stm32f4xx_hal_dsi.o
                0x0000000008003730                HAL_DSI_ConfigErrorMonitor
 .text.HAL_DSI_IRQHandler
                0x00000000080038aa      0x192 ./Drivers/STM32F4xx_HAL_Driver/Src/stm32f4xx_hal_dsi.o
                0x00000000080038aa                HAL_DSI_IRQHandler
 .text.HAL_DSI_TearingEffectCallback
                0x0000000008003a3c       0x14 ./Drivers/STM32F4xx_HAL_Driver/Src/stm32f4xx_hal_dsi.o
                0x0000000008003a3c                HAL_DSI_TearingEffectCallback
 .text.HAL_DSI_EndOfRefreshCallback
                0x0000000008003a50       0x14 ./Drivers/STM32F4xx_HAL_Driver/Src/stm32f4xx_hal_dsi.o
                0x0000000008003a50                HAL_DSI_EndOfRefreshCallback
 .text.HAL_DSI_ErrorCallback
                0x0000000008003a64       0x14 ./Drivers/STM32F4xx_HAL_Driver/Src/stm32f4xx_hal_dsi.o
                0x0000000008003a64                HAL_DSI_ErrorCallback
 .text.HAL_DSI_SetGenericVCID
                0x0000000008003a78       0x50 ./Drivers/STM32F4xx_HAL_Driver/Src/stm32f4xx_hal_dsi.o
                0x0000000008003a78                HAL_DSI_SetGenericVCID
 .text.HAL_DSI_ConfigAdaptedCommandMode
                0x0000000008003ac8      0x1ae ./Drivers/STM32F4xx_HAL_Driver/Src/stm32f4xx_hal_dsi.o
                0x0000000008003ac8                HAL_DSI_ConfigAdaptedCommandMode
 *fill*         0x0000000008003c76        0x2 
 .text.HAL_DSI_ConfigCommand
                0x0000000008003c78       0xbc ./Drivers/STM32F4xx_HAL_Driver/Src/stm32f4xx_hal_dsi.o
                0x0000000008003c78                HAL_DSI_ConfigCommand
 .text.HAL_DSI_ConfigFlowControl
                0x0000000008003d34       0x50 ./Drivers/STM32F4xx_HAL_Driver/Src/stm32f4xx_hal_dsi.o
                0x0000000008003d34                HAL_DSI_ConfigFlowControl
 .text.HAL_DSI_ConfigPhyTimer
                0x0000000008003d84       0xd4 ./Drivers/STM32F4xx_HAL_Driver/Src/stm32f4xx_hal_dsi.o
                0x0000000008003d84                HAL_DSI_ConfigPhyTimer
 .text.HAL_DSI_ConfigHostTimeouts
                0x0000000008003e58      0x18c ./Drivers/STM32F4xx_HAL_Driver/Src/stm32f4xx_hal_dsi.o
                0x0000000008003e58                HAL_DSI_ConfigHostTimeouts
 .text.HAL_DSI_SetLowPowerRXFilter
                0x0000000008003fe4       0x5a ./Drivers/STM32F4xx_HAL_Driver/Src/stm32f4xx_hal_dsi.o
                0x0000000008003fe4                HAL_DSI_SetLowPowerRXFilter
 *fill*         0x000000000800403e        0x2 
 .text.HAL_GPIO_Init
                0x0000000008004040      0x358 ./Drivers/STM32F4xx_HAL_Driver/Src/stm32f4xx_hal_gpio.o
                0x0000000008004040                HAL_GPIO_Init
 .text.HAL_GPIO_WritePin
                0x0000000008004398       0x32 ./Drivers/STM32F4xx_HAL_Driver/Src/stm32f4xx_hal_gpio.o
                0x0000000008004398                HAL_GPIO_WritePin
 *fill*         0x00000000080043ca        0x2 
 .text.HAL_I2C_Init
                0x00000000080043cc      0x288 ./Drivers/STM32F4xx_HAL_Driver/Src/stm32f4xx_hal_i2c.o
                0x00000000080043cc                HAL_I2C_Init
 .text.HAL_IWDG_Init
                0x0000000008004654       0x84 ./Drivers/STM32F4xx_HAL_Driver/Src/stm32f4xx_hal_iwdg.o
                0x0000000008004654                HAL_IWDG_Init
 .text.HAL_LTDC_Init
                0x00000000080046d8      0x1a0 ./Drivers/STM32F4xx_HAL_Driver/Src/stm32f4xx_hal_ltdc.o
                0x00000000080046d8                HAL_LTDC_Init
 .text.HAL_LTDC_IRQHandler
                0x0000000008004878      0x148 ./Drivers/STM32F4xx_HAL_Driver/Src/stm32f4xx_hal_ltdc.o
                0x0000000008004878                HAL_LTDC_IRQHandler
 .text.HAL_LTDC_ErrorCallback
                0x00000000080049c0       0x14 ./Drivers/STM32F4xx_HAL_Driver/Src/stm32f4xx_hal_ltdc.o
                0x00000000080049c0                HAL_LTDC_ErrorCallback
 .text.HAL_LTDC_LineEventCallback
                0x00000000080049d4       0x14 ./Drivers/STM32F4xx_HAL_Driver/Src/stm32f4xx_hal_ltdc.o
                0x00000000080049d4                HAL_LTDC_LineEventCallback
 .text.HAL_LTDC_ReloadEventCallback
                0x00000000080049e8       0x14 ./Drivers/STM32F4xx_HAL_Driver/Src/stm32f4xx_hal_ltdc.o
                0x00000000080049e8                HAL_LTDC_ReloadEventCallback
 .text.HAL_LTDC_ConfigLayer
                0x00000000080049fc       0x7c ./Drivers/STM32F4xx_HAL_Driver/Src/stm32f4xx_hal_ltdc.o
                0x00000000080049fc                HAL_LTDC_ConfigLayer
 .text.LTDC_SetConfig
                0x0000000008004a78      0x32e ./Drivers/STM32F4xx_HAL_Driver/Src/stm32f4xx_hal_ltdc.o
 *fill*         0x0000000008004da6        0x2 
 .text.HAL_PWREx_EnableOverDrive
                0x0000000008004da8       0xa0 ./Drivers/STM32F4xx_HAL_Driver/Src/stm32f4xx_hal_pwr_ex.o
                0x0000000008004da8                HAL_PWREx_EnableOverDrive
 .text.HAL_QSPI_Init
                0x0000000008004e48       0xf8 ./Drivers/STM32F4xx_HAL_Driver/Src/stm32f4xx_hal_qspi.o
                0x0000000008004e48                HAL_QSPI_Init
 .text.HAL_QSPI_SetTimeout
                0x0000000008004f40       0x1c ./Drivers/STM32F4xx_HAL_Driver/Src/stm32f4xx_hal_qspi.o
                0x0000000008004f40                HAL_QSPI_SetTimeout
 .text.QSPI_WaitFlagStateUntilTimeout
                0x0000000008004f5c       0x6e ./Drivers/STM32F4xx_HAL_Driver/Src/stm32f4xx_hal_qspi.o
 *fill*         0x0000000008004fca        0x2 
 .text.HAL_RCC_ClockConfig
                0x0000000008004fcc      0x1cc ./Drivers/STM32F4xx_HAL_Driver/Src/stm32f4xx_hal_rcc.o
                0x0000000008004fcc                HAL_RCC_ClockConfig
 .text.HAL_RCC_GetSysClockFreq
                0x0000000008005198      0x1c4 ./Drivers/STM32F4xx_HAL_Driver/Src/stm32f4xx_hal_rcc.o
                0x0000000008005198                HAL_RCC_GetSysClockFreq
 .text.HAL_RCC_GetHCLKFreq
                0x000000000800535c       0x18 ./Drivers/STM32F4xx_HAL_Driver/Src/stm32f4xx_hal_rcc.o
                0x000000000800535c                HAL_RCC_GetHCLKFreq
 .text.HAL_RCC_GetPCLK1Freq
                0x0000000008005374       0x28 ./Drivers/STM32F4xx_HAL_Driver/Src/stm32f4xx_hal_rcc.o
                0x0000000008005374                HAL_RCC_GetPCLK1Freq
 .text.HAL_RCC_GetPCLK2Freq
                0x000000000800539c       0x28 ./Drivers/STM32F4xx_HAL_Driver/Src/stm32f4xx_hal_rcc.o
                0x000000000800539c                HAL_RCC_GetPCLK2Freq
 .text.HAL_RCC_GetClockConfig
                0x00000000080053c4       0x64 ./Drivers/STM32F4xx_HAL_Driver/Src/stm32f4xx_hal_rcc.o
                0x00000000080053c4                HAL_RCC_GetClockConfig
 .text.HAL_RCCEx_PeriphCLKConfig
                0x0000000008005428      0x47c ./Drivers/STM32F4xx_HAL_Driver/Src/stm32f4xx_hal_rcc_ex.o
                0x0000000008005428                HAL_RCCEx_PeriphCLKConfig
 .text.HAL_RCC_OscConfig
                0x00000000080058a4      0x508 ./Drivers/STM32F4xx_HAL_Driver/Src/stm32f4xx_hal_rcc_ex.o
                0x00000000080058a4                HAL_RCC_OscConfig
 .text.HAL_SD_Init
                0x0000000008005dac       0x60 ./Drivers/STM32F4xx_HAL_Driver/Src/stm32f4xx_hal_sd.o
                0x0000000008005dac                HAL_SD_Init
 .text.HAL_SD_InitCard
                0x0000000008005e0c       0xfc ./Drivers/STM32F4xx_HAL_Driver/Src/stm32f4xx_hal_sd.o
                0x0000000008005e0c                HAL_SD_InitCard
 .text.HAL_SD_ReadBlocks_DMA
                0x0000000008005f08      0x1c0 ./Drivers/STM32F4xx_HAL_Driver/Src/stm32f4xx_hal_sd.o
                0x0000000008005f08                HAL_SD_ReadBlocks_DMA
 .text.HAL_SD_WriteBlocks_DMA
                0x00000000080060c8      0x1c4 ./Drivers/STM32F4xx_HAL_Driver/Src/stm32f4xx_hal_sd.o
                0x00000000080060c8                HAL_SD_WriteBlocks_DMA
 .text.HAL_SD_IRQHandler
                0x000000000800628c      0x2ec ./Drivers/STM32F4xx_HAL_Driver/Src/stm32f4xx_hal_sd.o
                0x000000000800628c                HAL_SD_IRQHandler
 .text.HAL_SD_ErrorCallback
                0x0000000008006578       0x14 ./Drivers/STM32F4xx_HAL_Driver/Src/stm32f4xx_hal_sd.o
                0x0000000008006578                HAL_SD_ErrorCallback
 .text.HAL_SD_GetCardCSD
                0x000000000800658c      0x348 ./Drivers/STM32F4xx_HAL_Driver/Src/stm32f4xx_hal_sd.o
                0x000000000800658c                HAL_SD_GetCardCSD
 .text.HAL_SD_GetCardInfo
                0x00000000080068d4       0x58 ./Drivers/STM32F4xx_HAL_Driver/Src/stm32f4xx_hal_sd.o
                0x00000000080068d4                HAL_SD_GetCardInfo
 .text.HAL_SD_ConfigWideBusOperation
                0x000000000800692c      0x134 ./Drivers/STM32F4xx_HAL_Driver/Src/stm32f4xx_hal_sd.o
                0x000000000800692c                HAL_SD_ConfigWideBusOperation
 .text.HAL_SD_GetCardState
                0x0000000008006a60       0x40 ./Drivers/STM32F4xx_HAL_Driver/Src/stm32f4xx_hal_sd.o
                0x0000000008006a60                HAL_SD_GetCardState
 .text.SD_DMATransmitCplt
                0x0000000008006aa0       0x2a ./Drivers/STM32F4xx_HAL_Driver/Src/stm32f4xx_hal_sd.o
 .text.SD_DMAReceiveCplt
                0x0000000008006aca       0x70 ./Drivers/STM32F4xx_HAL_Driver/Src/stm32f4xx_hal_sd.o
 *fill*         0x0000000008006b3a        0x2 
 .text.SD_DMAError
                0x0000000008006b3c       0xa4 ./Drivers/STM32F4xx_HAL_Driver/Src/stm32f4xx_hal_sd.o
 .text.SD_DMATxAbort
                0x0000000008006be0       0x6e ./Drivers/STM32F4xx_HAL_Driver/Src/stm32f4xx_hal_sd.o
 .text.SD_DMARxAbort
                0x0000000008006c4e       0x6e ./Drivers/STM32F4xx_HAL_Driver/Src/stm32f4xx_hal_sd.o
 .text.SD_InitCard
                0x0000000008006cbc      0x198 ./Drivers/STM32F4xx_HAL_Driver/Src/stm32f4xx_hal_sd.o
 .text.SD_PowerON
                0x0000000008006e54      0x11c ./Drivers/STM32F4xx_HAL_Driver/Src/stm32f4xx_hal_sd.o
 .text.SD_SendStatus
                0x0000000008006f70       0x50 ./Drivers/STM32F4xx_HAL_Driver/Src/stm32f4xx_hal_sd.o
 .text.SD_WideBus_Enable
                0x0000000008006fc0       0x96 ./Drivers/STM32F4xx_HAL_Driver/Src/stm32f4xx_hal_sd.o
 .text.SD_WideBus_Disable
                0x0000000008007056       0x96 ./Drivers/STM32F4xx_HAL_Driver/Src/stm32f4xx_hal_sd.o
 .text.SD_FindSCR
                0x00000000080070ec      0x1a6 ./Drivers/STM32F4xx_HAL_Driver/Src/stm32f4xx_hal_sd.o
 .text.SD_Read_IT
                0x0000000008007292       0xa2 ./Drivers/STM32F4xx_HAL_Driver/Src/stm32f4xx_hal_sd.o
 .text.SD_Write_IT
                0x0000000008007334       0xaa ./Drivers/STM32F4xx_HAL_Driver/Src/stm32f4xx_hal_sd.o
 .text.HAL_SDRAM_Init
                0x00000000080073de       0x68 ./Drivers/STM32F4xx_HAL_Driver/Src/stm32f4xx_hal_sdram.o
                0x00000000080073de                HAL_SDRAM_Init
 .text.HAL_SPI_Init
                0x0000000008007446      0x112 ./Drivers/STM32F4xx_HAL_Driver/Src/stm32f4xx_hal_spi.o
                0x0000000008007446                HAL_SPI_Init
 .text.HAL_TIM_Base_Init
                0x0000000008007558       0x9e ./Drivers/STM32F4xx_HAL_Driver/Src/stm32f4xx_hal_tim.o
                0x0000000008007558                HAL_TIM_Base_Init
 *fill*         0x00000000080075f6        0x2 
 .text.HAL_TIM_Base_Start_IT
                0x00000000080075f8       0xe0 ./Drivers/STM32F4xx_HAL_Driver/Src/stm32f4xx_hal_tim.o
                0x00000000080075f8                HAL_TIM_Base_Start_IT
 .text.HAL_TIM_IRQHandler
                0x00000000080076d8      0x210 ./Drivers/STM32F4xx_HAL_Driver/Src/stm32f4xx_hal_tim.o
                0x00000000080076d8                HAL_TIM_IRQHandler
 .text.HAL_TIM_ConfigClockSource
                0x00000000080078e8      0x18e ./Drivers/STM32F4xx_HAL_Driver/Src/stm32f4xx_hal_tim.o
                0x00000000080078e8                HAL_TIM_ConfigClockSource
 .text.HAL_TIM_OC_DelayElapsedCallback
                0x0000000008007a76       0x14 ./Drivers/STM32F4xx_HAL_Driver/Src/stm32f4xx_hal_tim.o
                0x0000000008007a76                HAL_TIM_OC_DelayElapsedCallback
 .text.HAL_TIM_IC_CaptureCallback
                0x0000000008007a8a       0x14 ./Drivers/STM32F4xx_HAL_Driver/Src/stm32f4xx_hal_tim.o
                0x0000000008007a8a                HAL_TIM_IC_CaptureCallback
 .text.HAL_TIM_PWM_PulseFinishedCallback
                0x0000000008007a9e       0x14 ./Drivers/STM32F4xx_HAL_Driver/Src/stm32f4xx_hal_tim.o
                0x0000000008007a9e                HAL_TIM_PWM_PulseFinishedCallback
 .text.HAL_TIM_TriggerCallback
                0x0000000008007ab2       0x14 ./Drivers/STM32F4xx_HAL_Driver/Src/stm32f4xx_hal_tim.o
                0x0000000008007ab2                HAL_TIM_TriggerCallback
 *fill*         0x0000000008007ac6        0x2 
 .text.TIM_Base_SetConfig
                0x0000000008007ac8      0x140 ./Drivers/STM32F4xx_HAL_Driver/Src/stm32f4xx_hal_tim.o
                0x0000000008007ac8                TIM_Base_SetConfig
 .text.TIM_TI1_ConfigInputStage
                0x0000000008007c08       0x5e ./Drivers/STM32F4xx_HAL_Driver/Src/stm32f4xx_hal_tim.o
 .text.TIM_TI2_ConfigInputStage
                0x0000000008007c66       0x60 ./Drivers/STM32F4xx_HAL_Driver/Src/stm32f4xx_hal_tim.o
 .text.TIM_ITRx_SetConfig
                0x0000000008007cc6       0x36 ./Drivers/STM32F4xx_HAL_Driver/Src/stm32f4xx_hal_tim.o
 .text.TIM_ETR_SetConfig
                0x0000000008007cfc       0x40 ./Drivers/STM32F4xx_HAL_Driver/Src/stm32f4xx_hal_tim.o
                0x0000000008007cfc                TIM_ETR_SetConfig
 .text.HAL_TIMEx_MasterConfigSynchronization
                0x0000000008007d3c       0xf8 ./Drivers/STM32F4xx_HAL_Driver/Src/stm32f4xx_hal_tim_ex.o
                0x0000000008007d3c                HAL_TIMEx_MasterConfigSynchronization
 .text.HAL_TIMEx_CommutCallback
                0x0000000008007e34       0x14 ./Drivers/STM32F4xx_HAL_Driver/Src/stm32f4xx_hal_tim_ex.o
                0x0000000008007e34                HAL_TIMEx_CommutCallback
 .text.HAL_TIMEx_BreakCallback
                0x0000000008007e48       0x14 ./Drivers/STM32F4xx_HAL_Driver/Src/stm32f4xx_hal_tim_ex.o
                0x0000000008007e48                HAL_TIMEx_BreakCallback
 .text.HAL_UART_Init
                0x0000000008007e5c       0x9a ./Drivers/STM32F4xx_HAL_Driver/Src/stm32f4xx_hal_uart.o
                0x0000000008007e5c                HAL_UART_Init
 *fill*         0x0000000008007ef6        0x2 
 .text.UART_SetConfig
                0x0000000008007ef8      0x390 ./Drivers/STM32F4xx_HAL_Driver/Src/stm32f4xx_hal_uart.o
 .text.FMC_SDRAM_Init
                0x0000000008008288       0xe6 ./Drivers/STM32F4xx_HAL_Driver/Src/stm32f4xx_ll_fmc.o
                0x0000000008008288                FMC_SDRAM_Init
 .text.FMC_SDRAM_Timing_Init
                0x000000000800836e       0xfe ./Drivers/STM32F4xx_HAL_Driver/Src/stm32f4xx_ll_fmc.o
                0x000000000800836e                FMC_SDRAM_Timing_Init
 .text.SDIO_Init
                0x000000000800846c       0x56 ./Drivers/STM32F4xx_HAL_Driver/Src/stm32f4xx_ll_sdmmc.o
                0x000000000800846c                SDIO_Init
 .text.SDIO_ReadFIFO
                0x00000000080084c2       0x1a ./Drivers/STM32F4xx_HAL_Driver/Src/stm32f4xx_ll_sdmmc.o
                0x00000000080084c2                SDIO_ReadFIFO
 .text.SDIO_WriteFIFO
                0x00000000080084dc       0x22 ./Drivers/STM32F4xx_HAL_Driver/Src/stm32f4xx_ll_sdmmc.o
                0x00000000080084dc                SDIO_WriteFIFO
 .text.SDIO_PowerState_ON
                0x00000000080084fe       0x1e ./Drivers/STM32F4xx_HAL_Driver/Src/stm32f4xx_ll_sdmmc.o
                0x00000000080084fe                SDIO_PowerState_ON
 .text.SDIO_GetPowerState
                0x000000000800851c       0x1c ./Drivers/STM32F4xx_HAL_Driver/Src/stm32f4xx_ll_sdmmc.o
                0x000000000800851c                SDIO_GetPowerState
 .text.SDIO_SendCommand
                0x0000000008008538       0x54 ./Drivers/STM32F4xx_HAL_Driver/Src/stm32f4xx_ll_sdmmc.o
                0x0000000008008538                SDIO_SendCommand
 .text.SDIO_GetCommandResponse
                0x000000000800858c       0x1a ./Drivers/STM32F4xx_HAL_Driver/Src/stm32f4xx_ll_sdmmc.o
                0x000000000800858c                SDIO_GetCommandResponse
 .text.SDIO_GetResponse
                0x00000000080085a6       0x26 ./Drivers/STM32F4xx_HAL_Driver/Src/stm32f4xx_ll_sdmmc.o
                0x00000000080085a6                SDIO_GetResponse
 .text.SDIO_ConfigData
                0x00000000080085cc       0x58 ./Drivers/STM32F4xx_HAL_Driver/Src/stm32f4xx_ll_sdmmc.o
                0x00000000080085cc                SDIO_ConfigData
 .text.SDMMC_CmdBlockLength
                0x0000000008008624       0x44 ./Drivers/STM32F4xx_HAL_Driver/Src/stm32f4xx_ll_sdmmc.o
                0x0000000008008624                SDMMC_CmdBlockLength
 .text.SDMMC_CmdReadSingleBlock
                0x0000000008008668       0x44 ./Drivers/STM32F4xx_HAL_Driver/Src/stm32f4xx_ll_sdmmc.o
                0x0000000008008668                SDMMC_CmdReadSingleBlock
 .text.SDMMC_CmdReadMultiBlock
                0x00000000080086ac       0x44 ./Drivers/STM32F4xx_HAL_Driver/Src/stm32f4xx_ll_sdmmc.o
                0x00000000080086ac                SDMMC_CmdReadMultiBlock
 .text.SDMMC_CmdWriteSingleBlock
                0x00000000080086f0       0x44 ./Drivers/STM32F4xx_HAL_Driver/Src/stm32f4xx_ll_sdmmc.o
                0x00000000080086f0                SDMMC_CmdWriteSingleBlock
 .text.SDMMC_CmdWriteMultiBlock
                0x0000000008008734       0x44 ./Drivers/STM32F4xx_HAL_Driver/Src/stm32f4xx_ll_sdmmc.o
                0x0000000008008734                SDMMC_CmdWriteMultiBlock
 .text.SDMMC_CmdStopTransfer
                0x0000000008008778       0x44 ./Drivers/STM32F4xx_HAL_Driver/Src/stm32f4xx_ll_sdmmc.o
                0x0000000008008778                SDMMC_CmdStopTransfer
 .text.SDMMC_CmdSelDesel
                0x00000000080087bc       0x46 ./Drivers/STM32F4xx_HAL_Driver/Src/stm32f4xx_ll_sdmmc.o
                0x00000000080087bc                SDMMC_CmdSelDesel
 .text.SDMMC_CmdGoIdleState
                0x0000000008008802       0x3c ./Drivers/STM32F4xx_HAL_Driver/Src/stm32f4xx_ll_sdmmc.o
                0x0000000008008802                SDMMC_CmdGoIdleState
 .text.SDMMC_CmdOperCond
                0x000000000800883e       0x3e ./Drivers/STM32F4xx_HAL_Driver/Src/stm32f4xx_ll_sdmmc.o
                0x000000000800883e                SDMMC_CmdOperCond
 .text.SDMMC_CmdAppCommand
                0x000000000800887c       0x44 ./Drivers/STM32F4xx_HAL_Driver/Src/stm32f4xx_ll_sdmmc.o
                0x000000000800887c                SDMMC_CmdAppCommand
 .text.SDMMC_CmdAppOperCommand
                0x00000000080088c0       0x46 ./Drivers/STM32F4xx_HAL_Driver/Src/stm32f4xx_ll_sdmmc.o
                0x00000000080088c0                SDMMC_CmdAppOperCommand
 .text.SDMMC_CmdBusWidth
                0x0000000008008906       0x44 ./Drivers/STM32F4xx_HAL_Driver/Src/stm32f4xx_ll_sdmmc.o
                0x0000000008008906                SDMMC_CmdBusWidth
 .text.SDMMC_CmdSendSCR
                0x000000000800894a       0x42 ./Drivers/STM32F4xx_HAL_Driver/Src/stm32f4xx_ll_sdmmc.o
                0x000000000800894a                SDMMC_CmdSendSCR
 .text.SDMMC_CmdSendCID
                0x000000000800898c       0x3c ./Drivers/STM32F4xx_HAL_Driver/Src/stm32f4xx_ll_sdmmc.o
                0x000000000800898c                SDMMC_CmdSendCID
 .text.SDMMC_CmdSendCSD
                0x00000000080089c8       0x3e ./Drivers/STM32F4xx_HAL_Driver/Src/stm32f4xx_ll_sdmmc.o
                0x00000000080089c8                SDMMC_CmdSendCSD
 .text.SDMMC_CmdSetRelAdd
                0x0000000008008a06       0x42 ./Drivers/STM32F4xx_HAL_Driver/Src/stm32f4xx_ll_sdmmc.o
                0x0000000008008a06                SDMMC_CmdSetRelAdd
 .text.SDMMC_CmdSendStatus
                0x0000000008008a48       0x44 ./Drivers/STM32F4xx_HAL_Driver/Src/stm32f4xx_ll_sdmmc.o
                0x0000000008008a48                SDMMC_CmdSendStatus
 .text.SDMMC_GetCmdError
                0x0000000008008a8c       0x58 ./Drivers/STM32F4xx_HAL_Driver/Src/stm32f4xx_ll_sdmmc.o
 .text.SDMMC_GetCmdResp1
                0x0000000008008ae4      0x1dc ./Drivers/STM32F4xx_HAL_Driver/Src/stm32f4xx_ll_sdmmc.o
 .text.SDMMC_GetCmdResp2
                0x0000000008008cc0       0x90 ./Drivers/STM32F4xx_HAL_Driver/Src/stm32f4xx_ll_sdmmc.o
 .text.SDMMC_GetCmdResp3
                0x0000000008008d50       0x7c ./Drivers/STM32F4xx_HAL_Driver/Src/stm32f4xx_ll_sdmmc.o
 .text.SDMMC_GetCmdResp6
                0x0000000008008dcc       0xec ./Drivers/STM32F4xx_HAL_Driver/Src/stm32f4xx_ll_sdmmc.o
 .text.SDMMC_GetCmdResp7
                0x0000000008008eb8       0x9c ./Drivers/STM32F4xx_HAL_Driver/Src/stm32f4xx_ll_sdmmc.o
 .text.MX_FATFS_Init
                0x0000000008008f54       0x24 ./FATFS/App/fatfs.o
                0x0000000008008f54                MX_FATFS_Init
 .text.BSP_SD_Init
                0x0000000008008f78       0x4c ./FATFS/Target/bsp_driver_sd.o
                0x0000000008008f78                BSP_SD_Init
 .text.BSP_SD_ReadBlocks_DMA
                0x0000000008008fc4       0x34 ./FATFS/Target/bsp_driver_sd.o
                0x0000000008008fc4                BSP_SD_ReadBlocks_DMA
 .text.BSP_SD_WriteBlocks_DMA
                0x0000000008008ff8       0x34 ./FATFS/Target/bsp_driver_sd.o
                0x0000000008008ff8                BSP_SD_WriteBlocks_DMA
 .text.BSP_SD_GetCardState
                0x000000000800902c       0x20 ./FATFS/Target/bsp_driver_sd.o
                0x000000000800902c                BSP_SD_GetCardState
 .text.BSP_SD_GetCardInfo
                0x000000000800904c       0x1c ./FATFS/Target/bsp_driver_sd.o
                0x000000000800904c                BSP_SD_GetCardInfo
 .text.HAL_SD_AbortCallback
                0x0000000008009068       0x14 ./FATFS/Target/bsp_driver_sd.o
                0x0000000008009068                HAL_SD_AbortCallback
 .text.HAL_SD_TxCpltCallback
                0x000000000800907c       0x14 ./FATFS/Target/bsp_driver_sd.o
                0x000000000800907c                HAL_SD_TxCpltCallback
 .text.HAL_SD_RxCpltCallback
                0x0000000008009090       0x14 ./FATFS/Target/bsp_driver_sd.o
                0x0000000008009090                HAL_SD_RxCpltCallback
 .text.BSP_SD_AbortCallback
                0x00000000080090a4        0xe ./FATFS/Target/bsp_driver_sd.o
                0x00000000080090a4                BSP_SD_AbortCallback
 .text.BSP_SD_IsDetected
                0x00000000080090b2       0x1a ./FATFS/Target/bsp_driver_sd.o
                0x00000000080090b2                BSP_SD_IsDetected
 .text.SD_CheckStatusWithTimeout
                0x00000000080090cc       0x3a ./FATFS/Target/sd_diskio.o
 *fill*         0x0000000008009106        0x2 
 .text.SD_CheckStatus
                0x0000000008009108       0x3c ./FATFS/Target/sd_diskio.o
 .text.SD_initialize
                0x0000000008009144       0x84 ./FATFS/Target/sd_diskio.o
                0x0000000008009144                SD_initialize
 .text.SD_status
                0x00000000080091c8       0x1c ./FATFS/Target/sd_diskio.o
                0x00000000080091c8                SD_status
 .text.SD_read  0x00000000080091e4       0x94 ./FATFS/Target/sd_diskio.o
                0x00000000080091e4                SD_read
 .text.SD_write
                0x0000000008009278       0x90 ./FATFS/Target/sd_diskio.o
                0x0000000008009278                SD_write
 .text.SD_ioctl
                0x0000000008009308       0xb0 ./FATFS/Target/sd_diskio.o
                0x0000000008009308                SD_ioctl
 .text.BSP_SD_WriteCpltCallback
                0x00000000080093b8       0x24 ./FATFS/Target/sd_diskio.o
                0x00000000080093b8                BSP_SD_WriteCpltCallback
 .text.BSP_SD_ReadCpltCallback
                0x00000000080093dc       0x24 ./FATFS/Target/sd_diskio.o
                0x00000000080093dc                BSP_SD_ReadCpltCallback
 .text.FATFS_LinkDriverEx
                0x0000000008009400       0x98 ./Middlewares/Third_Party/FatFs/src/ff_gen_drv.o
                0x0000000008009400                FATFS_LinkDriverEx
 .text.FATFS_LinkDriver
                0x0000000008009498       0x1e ./Middlewares/Third_Party/FatFs/src/ff_gen_drv.o
                0x0000000008009498                FATFS_LinkDriver
 *fill*         0x00000000080094b6        0x2 
 .text.__NVIC_SetPriority
                0x00000000080094b8       0x54 ./Middlewares/Third_Party/FreeRTOS/Source/CMSIS_RTOS_V2/cmsis_os2.o
 .text.SysTick_Handler
                0x000000000800950c       0x20 ./Middlewares/Third_Party/FreeRTOS/Source/CMSIS_RTOS_V2/cmsis_os2.o
                0x000000000800950c                SysTick_Handler
 .text.SVC_Setup
                0x000000000800952c       0x12 ./Middlewares/Third_Party/FreeRTOS/Source/CMSIS_RTOS_V2/cmsis_os2.o
 *fill*         0x000000000800953e        0x2 
 .text.osKernelInitialize
                0x0000000008009540       0x48 ./Middlewares/Third_Party/FreeRTOS/Source/CMSIS_RTOS_V2/cmsis_os2.o
                0x0000000008009540                osKernelInitialize
 .text.osKernelGetState
                0x0000000008009588       0x44 ./Middlewares/Third_Party/FreeRTOS/Source/CMSIS_RTOS_V2/cmsis_os2.o
                0x0000000008009588                osKernelGetState
 .text.osKernelStart
                0x00000000080095cc       0x4c ./Middlewares/Third_Party/FreeRTOS/Source/CMSIS_RTOS_V2/cmsis_os2.o
                0x00000000080095cc                osKernelStart
 .text.osKernelGetTickCount
                0x0000000008009618       0x2a ./Middlewares/Third_Party/FreeRTOS/Source/CMSIS_RTOS_V2/cmsis_os2.o
                0x0000000008009618                osKernelGetTickCount
 .text.osThreadNew
                0x0000000008009642      0x124 ./Middlewares/Third_Party/FreeRTOS/Source/CMSIS_RTOS_V2/cmsis_os2.o
                0x0000000008009642                osThreadNew
 .text.osDelay  0x0000000008009766       0x36 ./Middlewares/Third_Party/FreeRTOS/Source/CMSIS_RTOS_V2/cmsis_os2.o
                0x0000000008009766                osDelay
 .text.osSemaphoreNew
                0x000000000800979c      0x112 ./Middlewares/Third_Party/FreeRTOS/Source/CMSIS_RTOS_V2/cmsis_os2.o
                0x000000000800979c                osSemaphoreNew
 .text.osMessageQueueNew
                0x00000000080098ae       0xe6 ./Middlewares/Third_Party/FreeRTOS/Source/CMSIS_RTOS_V2/cmsis_os2.o
                0x00000000080098ae                osMessageQueueNew
 .text.osMessageQueuePut
                0x0000000008009994       0xc0 ./Middlewares/Third_Party/FreeRTOS/Source/CMSIS_RTOS_V2/cmsis_os2.o
                0x0000000008009994                osMessageQueuePut
 .text.osMessageQueueGet
                0x0000000008009a54       0xbc ./Middlewares/Third_Party/FreeRTOS/Source/CMSIS_RTOS_V2/cmsis_os2.o
                0x0000000008009a54                osMessageQueueGet
 .text.vApplicationGetIdleTaskMemory
                0x0000000008009b10       0x34 ./Middlewares/Third_Party/FreeRTOS/Source/CMSIS_RTOS_V2/cmsis_os2.o
                0x0000000008009b10                vApplicationGetIdleTaskMemory
 .text.vApplicationGetTimerTaskMemory
                0x0000000008009b44       0x34 ./Middlewares/Third_Party/FreeRTOS/Source/CMSIS_RTOS_V2/cmsis_os2.o
                0x0000000008009b44                vApplicationGetTimerTaskMemory
 .text.vListInitialise
                0x0000000008009b78       0x40 ./Middlewares/Third_Party/FreeRTOS/Source/list.o
                0x0000000008009b78                vListInitialise
 .text.vListInitialiseItem
                0x0000000008009bb8       0x1a ./Middlewares/Third_Party/FreeRTOS/Source/list.o
                0x0000000008009bb8                vListInitialiseItem
 .text.vListInsertEnd
                0x0000000008009bd2       0x48 ./Middlewares/Third_Party/FreeRTOS/Source/list.o
                0x0000000008009bd2                vListInsertEnd
 .text.vListInsert
                0x0000000008009c1a       0x72 ./Middlewares/Third_Party/FreeRTOS/Source/list.o
                0x0000000008009c1a                vListInsert
 .text.uxListRemove
                0x0000000008009c8c       0x54 ./Middlewares/Third_Party/FreeRTOS/Source/list.o
                0x0000000008009c8c                uxListRemove
 .text.xQueueGenericReset
                0x0000000008009ce0       0xd0 ./Middlewares/Third_Party/FreeRTOS/Source/queue.o
                0x0000000008009ce0                xQueueGenericReset
 .text.xQueueGenericCreateStatic
                0x0000000008009db0       0xf0 ./Middlewares/Third_Party/FreeRTOS/Source/queue.o
                0x0000000008009db0                xQueueGenericCreateStatic
 .text.xQueueGenericCreate
                0x0000000008009ea0       0x74 ./Middlewares/Third_Party/FreeRTOS/Source/queue.o
                0x0000000008009ea0                xQueueGenericCreate
 .text.prvInitialiseNewQueue
                0x0000000008009f14       0x46 ./Middlewares/Third_Party/FreeRTOS/Source/queue.o
 .text.xQueueCreateCountingSemaphoreStatic
                0x0000000008009f5a       0x6e ./Middlewares/Third_Party/FreeRTOS/Source/queue.o
                0x0000000008009f5a                xQueueCreateCountingSemaphoreStatic
 .text.xQueueCreateCountingSemaphore
                0x0000000008009fc8       0x66 ./Middlewares/Third_Party/FreeRTOS/Source/queue.o
                0x0000000008009fc8                xQueueCreateCountingSemaphore
 *fill*         0x000000000800a02e        0x2 
 .text.xQueueGenericSend
                0x000000000800a030      0x1fc ./Middlewares/Third_Party/FreeRTOS/Source/queue.o
                0x000000000800a030                xQueueGenericSend
 .text.xQueueGenericSendFromISR
                0x000000000800a22c      0x136 ./Middlewares/Third_Party/FreeRTOS/Source/queue.o
                0x000000000800a22c                xQueueGenericSendFromISR
 *fill*         0x000000000800a362        0x2 
 .text.xQueueReceive
                0x000000000800a364      0x1c0 ./Middlewares/Third_Party/FreeRTOS/Source/queue.o
                0x000000000800a364                xQueueReceive
 .text.xQueueReceiveFromISR
                0x000000000800a524      0x100 ./Middlewares/Third_Party/FreeRTOS/Source/queue.o
                0x000000000800a524                xQueueReceiveFromISR
 .text.vQueueDelete
                0x000000000800a624       0x46 ./Middlewares/Third_Party/FreeRTOS/Source/queue.o
                0x000000000800a624                vQueueDelete
 .text.prvCopyDataToQueue
                0x000000000800a66a       0xd4 ./Middlewares/Third_Party/FreeRTOS/Source/queue.o
 .text.prvCopyDataFromQueue
                0x000000000800a73e       0x4c ./Middlewares/Third_Party/FreeRTOS/Source/queue.o
 .text.prvUnlockQueue
                0x000000000800a78a       0xa4 ./Middlewares/Third_Party/FreeRTOS/Source/queue.o
 .text.prvIsQueueEmpty
                0x000000000800a82e       0x2c ./Middlewares/Third_Party/FreeRTOS/Source/queue.o
 .text.prvIsQueueFull
                0x000000000800a85a       0x30 ./Middlewares/Third_Party/FreeRTOS/Source/queue.o
 *fill*         0x000000000800a88a        0x2 
 .text.vQueueAddToRegistry
                0x000000000800a88c       0x54 ./Middlewares/Third_Party/FreeRTOS/Source/queue.o
                0x000000000800a88c                vQueueAddToRegistry
 .text.vQueueUnregisterQueue
                0x000000000800a8e0       0x54 ./Middlewares/Third_Party/FreeRTOS/Source/queue.o
                0x000000000800a8e0                vQueueUnregisterQueue
 .text.vQueueWaitForMessageRestricted
                0x000000000800a934       0x68 ./Middlewares/Third_Party/FreeRTOS/Source/queue.o
                0x000000000800a934                vQueueWaitForMessageRestricted
 .text.xTaskCreateStatic
                0x000000000800a99c       0xba ./Middlewares/Third_Party/FreeRTOS/Source/tasks.o
                0x000000000800a99c                xTaskCreateStatic
 .text.xTaskCreate
                0x000000000800aa56       0x8a ./Middlewares/Third_Party/FreeRTOS/Source/tasks.o
                0x000000000800aa56                xTaskCreate
 .text.prvInitialiseNewTask
                0x000000000800aae0      0x124 ./Middlewares/Third_Party/FreeRTOS/Source/tasks.o
 .text.prvAddNewTaskToReadyList
                0x000000000800ac04       0xe0 ./Middlewares/Third_Party/FreeRTOS/Source/tasks.o
 .text.vTaskDelay
                0x000000000800ace4       0x68 ./Middlewares/Third_Party/FreeRTOS/Source/tasks.o
                0x000000000800ace4                vTaskDelay
 .text.vTaskStartScheduler
                0x000000000800ad4c       0xcc ./Middlewares/Third_Party/FreeRTOS/Source/tasks.o
                0x000000000800ad4c                vTaskStartScheduler
 .text.vTaskSuspendAll
                0x000000000800ae18       0x1c ./Middlewares/Third_Party/FreeRTOS/Source/tasks.o
                0x000000000800ae18                vTaskSuspendAll
 .text.xTaskResumeAll
                0x000000000800ae34      0x13c ./Middlewares/Third_Party/FreeRTOS/Source/tasks.o
                0x000000000800ae34                xTaskResumeAll
 .text.xTaskGetTickCount
                0x000000000800af70       0x20 ./Middlewares/Third_Party/FreeRTOS/Source/tasks.o
                0x000000000800af70                xTaskGetTickCount
 .text.xTaskGetTickCountFromISR
                0x000000000800af90       0x24 ./Middlewares/Third_Party/FreeRTOS/Source/tasks.o
                0x000000000800af90                xTaskGetTickCountFromISR
 .text.xTaskIncrementTick
                0x000000000800afb4      0x174 ./Middlewares/Third_Party/FreeRTOS/Source/tasks.o
                0x000000000800afb4                xTaskIncrementTick
 .text.vTaskSwitchContext
                0x000000000800b128       0xbc ./Middlewares/Third_Party/FreeRTOS/Source/tasks.o
                0x000000000800b128                vTaskSwitchContext
 .text.vTaskPlaceOnEventList
                0x000000000800b1e4       0x48 ./Middlewares/Third_Party/FreeRTOS/Source/tasks.o
                0x000000000800b1e4                vTaskPlaceOnEventList
 .text.vTaskPlaceOnEventListRestricted
                0x000000000800b22c       0x58 ./Middlewares/Third_Party/FreeRTOS/Source/tasks.o
                0x000000000800b22c                vTaskPlaceOnEventListRestricted
 .text.xTaskRemoveFromEventList
                0x000000000800b284       0xc8 ./Middlewares/Third_Party/FreeRTOS/Source/tasks.o
                0x000000000800b284                xTaskRemoveFromEventList
 .text.vTaskInternalSetTimeOutState
                0x000000000800b34c       0x2c ./Middlewares/Third_Party/FreeRTOS/Source/tasks.o
                0x000000000800b34c                vTaskInternalSetTimeOutState
 .text.xTaskCheckForTimeOut
                0x000000000800b378       0xc4 ./Middlewares/Third_Party/FreeRTOS/Source/tasks.o
                0x000000000800b378                xTaskCheckForTimeOut
 .text.vTaskMissedYield
                0x000000000800b43c       0x18 ./Middlewares/Third_Party/FreeRTOS/Source/tasks.o
                0x000000000800b43c                vTaskMissedYield
 .text.prvIdleTask
                0x000000000800b454       0x34 ./Middlewares/Third_Party/FreeRTOS/Source/tasks.o
 .text.prvInitialiseTaskLists
                0x000000000800b488       0x80 ./Middlewares/Third_Party/FreeRTOS/Source/tasks.o
 .text.prvCheckTasksWaitingTermination
                0x000000000800b508       0x5c ./Middlewares/Third_Party/FreeRTOS/Source/tasks.o
 .text.prvDeleteTCB
                0x000000000800b564       0x5e ./Middlewares/Third_Party/FreeRTOS/Source/tasks.o
 *fill*         0x000000000800b5c2        0x2 
 .text.prvResetNextTaskUnblockTime
                0x000000000800b5c4       0x40 ./Middlewares/Third_Party/FreeRTOS/Source/tasks.o
 .text.xTaskGetSchedulerState
                0x000000000800b604       0x3c ./Middlewares/Third_Party/FreeRTOS/Source/tasks.o
                0x000000000800b604                xTaskGetSchedulerState
 .text.xTaskPriorityDisinherit
                0x000000000800b640       0xdc ./Middlewares/Third_Party/FreeRTOS/Source/tasks.o
                0x000000000800b640                xTaskPriorityDisinherit
 .text.prvAddCurrentTaskToDelayedList
                0x000000000800b71c       0xa8 ./Middlewares/Third_Party/FreeRTOS/Source/tasks.o
 .text.xTimerCreateTimerTask
                0x000000000800b7c4       0x90 ./Middlewares/Third_Party/FreeRTOS/Source/timers.o
                0x000000000800b7c4                xTimerCreateTimerTask
 .text.xTimerGenericCommand
                0x000000000800b854       0x9c ./Middlewares/Third_Party/FreeRTOS/Source/timers.o
                0x000000000800b854                xTimerGenericCommand
 .text.prvProcessExpiredTimer
                0x000000000800b8f0       0x98 ./Middlewares/Third_Party/FreeRTOS/Source/timers.o
 .text.prvTimerTask
                0x000000000800b988       0x24 ./Middlewares/Third_Party/FreeRTOS/Source/timers.o
 .text.prvProcessTimerOrBlockTask
                0x000000000800b9ac       0x9c ./Middlewares/Third_Party/FreeRTOS/Source/timers.o
 .text.prvGetNextExpireTime
                0x000000000800ba48       0x48 ./Middlewares/Third_Party/FreeRTOS/Source/timers.o
 .text.prvSampleTimeNow
                0x000000000800ba90       0x40 ./Middlewares/Third_Party/FreeRTOS/Source/timers.o
 .text.prvInsertTimerInActiveList
                0x000000000800bad0       0x84 ./Middlewares/Third_Party/FreeRTOS/Source/timers.o
 .text.prvProcessReceivedCommands
                0x000000000800bb54      0x1c4 ./Middlewares/Third_Party/FreeRTOS/Source/timers.o
 .text.prvSwitchTimerLists
                0x000000000800bd18       0xc8 ./Middlewares/Third_Party/FreeRTOS/Source/timers.o
 .text.prvCheckForValidListAndQueue
                0x000000000800bde0       0x80 ./Middlewares/Third_Party/FreeRTOS/Source/timers.o
 .text.pxPortInitialiseStack
                0x000000000800be60       0x68 ./Middlewares/Third_Party/FreeRTOS/Source/portable/GCC/ARM_CM4F/port.o
                0x000000000800be60                pxPortInitialiseStack
 .text.prvTaskExitError
                0x000000000800bec8       0x58 ./Middlewares/Third_Party/FreeRTOS/Source/portable/GCC/ARM_CM4F/port.o
 .text.SVC_Handler
                0x000000000800bf20       0x28 ./Middlewares/Third_Party/FreeRTOS/Source/portable/GCC/ARM_CM4F/port.o
                0x000000000800bf20                SVC_Handler
 .text.prvPortStartFirstTask
                0x000000000800bf48       0x28 ./Middlewares/Third_Party/FreeRTOS/Source/portable/GCC/ARM_CM4F/port.o
 .text.xPortStartScheduler
                0x000000000800bf70      0x144 ./Middlewares/Third_Party/FreeRTOS/Source/portable/GCC/ARM_CM4F/port.o
                0x000000000800bf70                xPortStartScheduler
 .text.vPortEnterCritical
                0x000000000800c0b4       0x60 ./Middlewares/Third_Party/FreeRTOS/Source/portable/GCC/ARM_CM4F/port.o
                0x000000000800c0b4                vPortEnterCritical
 .text.vPortExitCritical
                0x000000000800c114       0x54 ./Middlewares/Third_Party/FreeRTOS/Source/portable/GCC/ARM_CM4F/port.o
                0x000000000800c114                vPortExitCritical
 *fill*         0x000000000800c168        0x8 
 .text.PendSV_Handler
                0x000000000800c170       0x68 ./Middlewares/Third_Party/FreeRTOS/Source/portable/GCC/ARM_CM4F/port.o
                0x000000000800c170                PendSV_Handler
 .text.xPortSysTickHandler
                0x000000000800c1d8       0x44 ./Middlewares/Third_Party/FreeRTOS/Source/portable/GCC/ARM_CM4F/port.o
                0x000000000800c1d8                xPortSysTickHandler
 .text.vPortSetupTimerInterrupt
                0x000000000800c21c       0x48 ./Middlewares/Third_Party/FreeRTOS/Source/portable/GCC/ARM_CM4F/port.o
                0x000000000800c21c                vPortSetupTimerInterrupt
 .text.vPortEnableVFP
                0x000000000800c264       0x14 ./Middlewares/Third_Party/FreeRTOS/Source/portable/GCC/ARM_CM4F/port.o
 .text.vPortValidateInterruptPriority
                0x000000000800c278       0x80 ./Middlewares/Third_Party/FreeRTOS/Source/portable/GCC/ARM_CM4F/port.o
                0x000000000800c278                vPortValidateInterruptPriority
 .text.pvPortMalloc
                0x000000000800c2f8      0x198 ./Middlewares/Third_Party/FreeRTOS/Source/portable/MemMang/heap_4.o
                0x000000000800c2f8                pvPortMalloc
 .text.vPortFree
                0x000000000800c490       0xc4 ./Middlewares/Third_Party/FreeRTOS/Source/portable/MemMang/heap_4.o
                0x000000000800c490                vPortFree
 .text.prvHeapInit
                0x000000000800c554       0xc4 ./Middlewares/Third_Party/FreeRTOS/Source/portable/MemMang/heap_4.o
 .text.prvInsertBlockIntoFreeList
                0x000000000800c618       0xb4 ./Middlewares/Third_Party/FreeRTOS/Source/portable/MemMang/heap_4.o
 .text.__libc_init_array
                0x000000000800c6cc       0x48 c:/st/stm32cubeide_1.8.0/stm32cubeide/plugins/com.st.stm32cube.ide.mcu.externaltools.gnu-tools-for-stm32.9-2020-q2-update.win32_2.0.0.202105311346/tools/bin/../lib/gcc/arm-none-eabi/9.3.1/../../../../arm-none-eabi/lib/thumb/v7e-m+fp/hard\libc_nano.a(lib_a-init.o)
                0x000000000800c6cc                __libc_init_array
 .text.memcpy   0x000000000800c714       0x1c c:/st/stm32cubeide_1.8.0/stm32cubeide/plugins/com.st.stm32cube.ide.mcu.externaltools.gnu-tools-for-stm32.9-2020-q2-update.win32_2.0.0.202105311346/tools/bin/../lib/gcc/arm-none-eabi/9.3.1/../../../../arm-none-eabi/lib/thumb/v7e-m+fp/hard\libc_nano.a(lib_a-memcpy-stub.o)
                0x000000000800c714                memcpy
 .text.memset   0x000000000800c730       0x10 c:/st/stm32cubeide_1.8.0/stm32cubeide/plugins/com.st.stm32cube.ide.mcu.externaltools.gnu-tools-for-stm32.9-2020-q2-update.win32_2.0.0.202105311346/tools/bin/../lib/gcc/arm-none-eabi/9.3.1/../../../../arm-none-eabi/lib/thumb/v7e-m+fp/hard\libc_nano.a(lib_a-memset.o)
                0x000000000800c730                memset
 *(.glue_7)
 .glue_7        0x000000000800c740        0x0 linker stubs
 *(.glue_7t)
 .glue_7t       0x000000000800c740        0x0 linker stubs
 *(.eh_frame)
 .eh_frame      0x000000000800c740        0x0 c:/st/stm32cubeide_1.8.0/stm32cubeide/plugins/com.st.stm32cube.ide.mcu.externaltools.gnu-tools-for-stm32.9-2020-q2-update.win32_2.0.0.202105311346/tools/bin/../lib/gcc/arm-none-eabi/9.3.1/thumb/v7e-m+fp/hard/crtbegin.o
 *(.init)
 .init          0x000000000800c740        0x4 c:/st/stm32cubeide_1.8.0/stm32cubeide/plugins/com.st.stm32cube.ide.mcu.externaltools.gnu-tools-for-stm32.9-2020-q2-update.win32_2.0.0.202105311346/tools/bin/../lib/gcc/arm-none-eabi/9.3.1/thumb/v7e-m+fp/hard/crti.o
                0x000000000800c740                _init
 .init          0x000000000800c744        0x8 c:/st/stm32cubeide_1.8.0/stm32cubeide/plugins/com.st.stm32cube.ide.mcu.externaltools.gnu-tools-for-stm32.9-2020-q2-update.win32_2.0.0.202105311346/tools/bin/../lib/gcc/arm-none-eabi/9.3.1/thumb/v7e-m+fp/hard/crtn.o
 *(.fini)
 .fini          0x000000000800c74c        0x4 c:/st/stm32cubeide_1.8.0/stm32cubeide/plugins/com.st.stm32cube.ide.mcu.externaltools.gnu-tools-for-stm32.9-2020-q2-update.win32_2.0.0.202105311346/tools/bin/../lib/gcc/arm-none-eabi/9.3.1/thumb/v7e-m+fp/hard/crti.o
                0x000000000800c74c                _fini
 .fini          0x000000000800c750        0x8 c:/st/stm32cubeide_1.8.0/stm32cubeide/plugins/com.st.stm32cube.ide.mcu.externaltools.gnu-tools-for-stm32.9-2020-q2-update.win32_2.0.0.202105311346/tools/bin/../lib/gcc/arm-none-eabi/9.3.1/thumb/v7e-m+fp/hard/crtn.o
                0x000000000800c758                . = ALIGN (0x4)
                0x000000000800c758                _etext = .

.vfp11_veneer   0x000000000800c758        0x0
 .vfp11_veneer  0x000000000800c758        0x0 linker stubs

.v4_bx          0x000000000800c758        0x0
 .v4_bx         0x000000000800c758        0x0 linker stubs

.iplt           0x000000000800c758        0x0
 .iplt          0x000000000800c758        0x0 c:/st/stm32cubeide_1.8.0/stm32cubeide/plugins/com.st.stm32cube.ide.mcu.externaltools.gnu-tools-for-stm32.9-2020-q2-update.win32_2.0.0.202105311346/tools/bin/../lib/gcc/arm-none-eabi/9.3.1/thumb/v7e-m+fp/hard/crtbegin.o

.rodata         0x000000000800c758       0xac
                0x000000000800c758                . = ALIGN (0x4)
 *(.rodata)
 .rodata        0x000000000800c758       0x29 ./Core/Src/main.o
 *fill*         0x000000000800c781        0x3 
 .rodata        0x000000000800c784        0x5 ./Middlewares/Third_Party/FreeRTOS/Source/tasks.o
 *fill*         0x000000000800c789        0x3 
 .rodata        0x000000000800c78c        0xd ./Middlewares/Third_Party/FreeRTOS/Source/timers.o
 *(.rodata*)
 *fill*         0x000000000800c799        0x3 
 .rodata.defaultTask_attributes
                0x000000000800c79c       0x24 ./Core/Src/main.o
                0x000000000800c79c                defaultTask_attributes
 .rodata.BinarySemCAN_attributes
                0x000000000800c7c0       0x10 ./Core/Src/main.o
                0x000000000800c7c0                BinarySemCAN_attributes
 .rodata.AHBPrescTable
                0x000000000800c7d0       0x10 ./Core/Src/system_stm32f4xx.o
                0x000000000800c7d0                AHBPrescTable
 .rodata.APBPrescTable
                0x000000000800c7e0        0x8 ./Core/Src/system_stm32f4xx.o
                0x000000000800c7e0                APBPrescTable
 .rodata.flagBitshiftOffset.10859
                0x000000000800c7e8        0x8 ./Drivers/STM32F4xx_HAL_Driver/Src/stm32f4xx_hal_dma.o
 .rodata.SD_Driver
                0x000000000800c7f0       0x14 ./FATFS/Target/sd_diskio.o
                0x000000000800c7f0                SD_Driver
                0x000000000800c804                . = ALIGN (0x4)

.ARM.extab      0x000000000800c804        0x0
                0x000000000800c804                . = ALIGN (0x4)
 *(.ARM.extab* .gnu.linkonce.armextab.*)
                0x000000000800c804                . = ALIGN (0x4)

.ARM            0x000000000800c804        0x8
                0x000000000800c804                . = ALIGN (0x4)
                0x000000000800c804                __exidx_start = .
 *(.ARM.exidx*)
 .ARM.exidx     0x000000000800c804        0x8 c:/st/stm32cubeide_1.8.0/stm32cubeide/plugins/com.st.stm32cube.ide.mcu.externaltools.gnu-tools-for-stm32.9-2020-q2-update.win32_2.0.0.202105311346/tools/bin/../lib/gcc/arm-none-eabi/9.3.1/thumb/v7e-m+fp/hard\libgcc.a(_udivmoddi4.o)
                0x000000000800c80c                __exidx_end = .
                0x000000000800c80c                . = ALIGN (0x4)

.rel.dyn        0x000000000800c80c        0x0
 .rel.iplt      0x000000000800c80c        0x0 c:/st/stm32cubeide_1.8.0/stm32cubeide/plugins/com.st.stm32cube.ide.mcu.externaltools.gnu-tools-for-stm32.9-2020-q2-update.win32_2.0.0.202105311346/tools/bin/../lib/gcc/arm-none-eabi/9.3.1/thumb/v7e-m+fp/hard/crtbegin.o

.preinit_array  0x000000000800c80c        0x0
                0x000000000800c80c                . = ALIGN (0x4)
                0x000000000800c80c                PROVIDE (__preinit_array_start = .)
 *(.preinit_array*)
                0x000000000800c80c                PROVIDE (__preinit_array_end = .)
                0x000000000800c80c                . = ALIGN (0x4)

.init_array     0x000000000800c80c        0x4
                0x000000000800c80c                . = ALIGN (0x4)
                0x000000000800c80c                PROVIDE (__init_array_start = .)
 *(SORT_BY_NAME(.init_array.*))
 *(.init_array*)
 .init_array    0x000000000800c80c        0x4 c:/st/stm32cubeide_1.8.0/stm32cubeide/plugins/com.st.stm32cube.ide.mcu.externaltools.gnu-tools-for-stm32.9-2020-q2-update.win32_2.0.0.202105311346/tools/bin/../lib/gcc/arm-none-eabi/9.3.1/thumb/v7e-m+fp/hard/crtbegin.o
                0x000000000800c810                PROVIDE (__init_array_end = .)
                0x000000000800c810                . = ALIGN (0x4)

.fini_array     0x000000000800c810        0x4
                0x000000000800c810                . = ALIGN (0x4)
                [!provide]                        PROVIDE (__fini_array_start = .)
 *(SORT_BY_NAME(.fini_array.*))
 *(.fini_array*)
 .fini_array    0x000000000800c810        0x4 c:/st/stm32cubeide_1.8.0/stm32cubeide/plugins/com.st.stm32cube.ide.mcu.externaltools.gnu-tools-for-stm32.9-2020-q2-update.win32_2.0.0.202105311346/tools/bin/../lib/gcc/arm-none-eabi/9.3.1/thumb/v7e-m+fp/hard/crtbegin.o
                [!provide]                        PROVIDE (__fini_array_end = .)
                0x000000000800c814                . = ALIGN (0x4)
                0x000000000800c814                _sidata = LOADADDR (.data)

.data           0x0000000020000000       0x10 load address 0x000000000800c814
                0x0000000020000000                . = ALIGN (0x4)
                0x0000000020000000                _sdata = .
 *(.data)
 *(.data*)
 .data.SystemCoreClock
                0x0000000020000000        0x4 ./Core/Src/system_stm32f4xx.o
                0x0000000020000000                SystemCoreClock
 .data.uwTickPrio
                0x0000000020000004        0x4 ./Drivers/STM32F4xx_HAL_Driver/Src/stm32f4xx_hal.o
                0x0000000020000004                uwTickPrio
 .data.uwTickFreq
                0x0000000020000008        0x1 ./Drivers/STM32F4xx_HAL_Driver/Src/stm32f4xx_hal.o
                0x0000000020000008                uwTickFreq
 .data.Stat     0x0000000020000009        0x1 ./FATFS/Target/sd_diskio.o
 *fill*         0x000000002000000a        0x2 
 .data.uxCriticalNesting
                0x000000002000000c        0x4 ./Middlewares/Third_Party/FreeRTOS/Source/portable/GCC/ARM_CM4F/port.o
 *(.RamFunc)
 *(.RamFunc*)
                0x0000000020000010                . = ALIGN (0x4)
                0x0000000020000010                _edata = .
                0x000000000800c824                _siccmram = LOADADDR (.ccmram)

.igot.plt       0x0000000020000010        0x0 load address 0x000000000800c824
 .igot.plt      0x0000000020000010        0x0 c:/st/stm32cubeide_1.8.0/stm32cubeide/plugins/com.st.stm32cube.ide.mcu.externaltools.gnu-tools-for-stm32.9-2020-q2-update.win32_2.0.0.202105311346/tools/bin/../lib/gcc/arm-none-eabi/9.3.1/thumb/v7e-m+fp/hard/crtbegin.o

.ccmram         0x0000000010000000        0x0 load address 0x000000000800c824
                0x0000000010000000                . = ALIGN (0x4)
                0x0000000010000000                _sccmram = .
 *(.ccmram)
 *(.ccmram*)
                0x0000000010000000                . = ALIGN (0x4)
                0x0000000010000000                _eccmram = .
                0x0000000010000000                . = ALIGN (0x4)

.bss            0x0000000020000010     0xb350
                0x0000000020000010                _sbss = .
                0x0000000020000010                __bss_start__ = _sbss
 *(.bss)
 .bss           0x0000000020000010       0x1c c:/st/stm32cubeide_1.8.0/stm32cubeide/plugins/com.st.stm32cube.ide.mcu.externaltools.gnu-tools-for-stm32.9-2020-q2-update.win32_2.0.0.202105311346/tools/bin/../lib/gcc/arm-none-eabi/9.3.1/thumb/v7e-m+fp/hard/crtbegin.o
 *(.bss*)
 .bss.HAL_RCC_CAN1_CLK_ENABLED
                0x000000002000002c        0x4 ./Core/Src/stm32f4xx_hal_msp.o
 .bss.FMC_Initialized
                0x0000000020000030        0x4 ./Core/Src/stm32f4xx_hal_msp.o
 .bss.SDQueueID
                0x0000000020000034        0x4 ./FATFS/Target/sd_diskio.o
 .bss.disk      0x0000000020000038        0xc ./Middlewares/Third_Party/FatFs/src/ff_gen_drv.o
                0x0000000020000038                disk
 .bss.KernelState
                0x0000000020000044        0x4 ./Middlewares/Third_Party/FreeRTOS/Source/CMSIS_RTOS_V2/cmsis_os2.o
 .bss.Idle_TCB.12668
                0x0000000020000048       0x60 ./Middlewares/Third_Party/FreeRTOS/Source/CMSIS_RTOS_V2/cmsis_os2.o
 .bss.Idle_Stack.12669
                0x00000000200000a8      0x200 ./Middlewares/Third_Party/FreeRTOS/Source/CMSIS_RTOS_V2/cmsis_os2.o
 .bss.Timer_TCB.12675
                0x00000000200002a8       0x60 ./Middlewares/Third_Party/FreeRTOS/Source/CMSIS_RTOS_V2/cmsis_os2.o
 .bss.Timer_Stack.12676
                0x0000000020000308      0x400 ./Middlewares/Third_Party/FreeRTOS/Source/CMSIS_RTOS_V2/cmsis_os2.o
 .bss.pxCurrentTCB
                0x0000000020000708        0x4 ./Middlewares/Third_Party/FreeRTOS/Source/tasks.o
                0x0000000020000708                pxCurrentTCB
 .bss.pxReadyTasksLists
                0x000000002000070c      0x460 ./Middlewares/Third_Party/FreeRTOS/Source/tasks.o
 .bss.xDelayedTaskList1
                0x0000000020000b6c       0x14 ./Middlewares/Third_Party/FreeRTOS/Source/tasks.o
 .bss.xDelayedTaskList2
                0x0000000020000b80       0x14 ./Middlewares/Third_Party/FreeRTOS/Source/tasks.o
 .bss.pxDelayedTaskList
                0x0000000020000b94        0x4 ./Middlewares/Third_Party/FreeRTOS/Source/tasks.o
 .bss.pxOverflowDelayedTaskList
                0x0000000020000b98        0x4 ./Middlewares/Third_Party/FreeRTOS/Source/tasks.o
 .bss.xPendingReadyList
                0x0000000020000b9c       0x14 ./Middlewares/Third_Party/FreeRTOS/Source/tasks.o
 .bss.xTasksWaitingTermination
                0x0000000020000bb0       0x14 ./Middlewares/Third_Party/FreeRTOS/Source/tasks.o
 .bss.uxDeletedTasksWaitingCleanUp
                0x0000000020000bc4        0x4 ./Middlewares/Third_Party/FreeRTOS/Source/tasks.o
 .bss.xSuspendedTaskList
                0x0000000020000bc8       0x14 ./Middlewares/Third_Party/FreeRTOS/Source/tasks.o
 .bss.uxCurrentNumberOfTasks
                0x0000000020000bdc        0x4 ./Middlewares/Third_Party/FreeRTOS/Source/tasks.o
 .bss.xTickCount
                0x0000000020000be0        0x4 ./Middlewares/Third_Party/FreeRTOS/Source/tasks.o
 .bss.uxTopReadyPriority
                0x0000000020000be4        0x4 ./Middlewares/Third_Party/FreeRTOS/Source/tasks.o
 .bss.xSchedulerRunning
                0x0000000020000be8        0x4 ./Middlewares/Third_Party/FreeRTOS/Source/tasks.o
 .bss.xPendedTicks
                0x0000000020000bec        0x4 ./Middlewares/Third_Party/FreeRTOS/Source/tasks.o
 .bss.xYieldPending
                0x0000000020000bf0        0x4 ./Middlewares/Third_Party/FreeRTOS/Source/tasks.o
 .bss.xNumOfOverflows
                0x0000000020000bf4        0x4 ./Middlewares/Third_Party/FreeRTOS/Source/tasks.o
 .bss.uxTaskNumber
                0x0000000020000bf8        0x4 ./Middlewares/Third_Party/FreeRTOS/Source/tasks.o
 .bss.xNextTaskUnblockTime
                0x0000000020000bfc        0x4 ./Middlewares/Third_Party/FreeRTOS/Source/tasks.o
 .bss.xIdleTaskHandle
                0x0000000020000c00        0x4 ./Middlewares/Third_Party/FreeRTOS/Source/tasks.o
 .bss.uxSchedulerSuspended
                0x0000000020000c04        0x4 ./Middlewares/Third_Party/FreeRTOS/Source/tasks.o
 .bss.xActiveTimerList1
                0x0000000020000c08       0x14 ./Middlewares/Third_Party/FreeRTOS/Source/timers.o
 .bss.xActiveTimerList2
                0x0000000020000c1c       0x14 ./Middlewares/Third_Party/FreeRTOS/Source/timers.o
 .bss.pxCurrentTimerList
                0x0000000020000c30        0x4 ./Middlewares/Third_Party/FreeRTOS/Source/timers.o
 .bss.pxOverflowTimerList
                0x0000000020000c34        0x4 ./Middlewares/Third_Party/FreeRTOS/Source/timers.o
 .bss.xTimerQueue
                0x0000000020000c38        0x4 ./Middlewares/Third_Party/FreeRTOS/Source/timers.o
 .bss.xTimerTaskHandle
                0x0000000020000c3c        0x4 ./Middlewares/Third_Party/FreeRTOS/Source/timers.o
 .bss.xLastTime.6933
                0x0000000020000c40        0x4 ./Middlewares/Third_Party/FreeRTOS/Source/timers.o
 .bss.ucStaticTimerQueueStorage.6984
                0x0000000020000c44       0xa0 ./Middlewares/Third_Party/FreeRTOS/Source/timers.o
 .bss.xStaticTimerQueue.6983
                0x0000000020000ce4       0x50 ./Middlewares/Third_Party/FreeRTOS/Source/timers.o
 .bss.ucMaxSysCallPriority
                0x0000000020000d34        0x1 ./Middlewares/Third_Party/FreeRTOS/Source/portable/GCC/ARM_CM4F/port.o
 *fill*         0x0000000020000d35        0x3 
 .bss.ulMaxPRIGROUPValue
                0x0000000020000d38        0x4 ./Middlewares/Third_Party/FreeRTOS/Source/portable/GCC/ARM_CM4F/port.o
 .bss.ucHeap    0x0000000020000d3c     0x8000 ./Middlewares/Third_Party/FreeRTOS/Source/portable/MemMang/heap_4.o
 .bss.xStart    0x0000000020008d3c        0x8 ./Middlewares/Third_Party/FreeRTOS/Source/portable/MemMang/heap_4.o
 .bss.pxEnd     0x0000000020008d44        0x4 ./Middlewares/Third_Party/FreeRTOS/Source/portable/MemMang/heap_4.o
 .bss.xFreeBytesRemaining
                0x0000000020008d48        0x4 ./Middlewares/Third_Party/FreeRTOS/Source/portable/MemMang/heap_4.o
 .bss.xMinimumEverFreeBytesRemaining
                0x0000000020008d4c        0x4 ./Middlewares/Third_Party/FreeRTOS/Source/portable/MemMang/heap_4.o
 .bss.xNumberOfSuccessfulAllocations
                0x0000000020008d50        0x4 ./Middlewares/Third_Party/FreeRTOS/Source/portable/MemMang/heap_4.o
 .bss.xNumberOfSuccessfulFrees
                0x0000000020008d54        0x4 ./Middlewares/Third_Party/FreeRTOS/Source/portable/MemMang/heap_4.o
 .bss.xBlockAllocatedBit
                0x0000000020008d58        0x4 ./Middlewares/Third_Party/FreeRTOS/Source/portable/MemMang/heap_4.o
 *(COMMON)
 COMMON         0x0000000020008d5c      0x50c ./Core/Src/main.o
                0x0000000020008d5c                hdma_sdio_rx
                0x0000000020008dbc                defaultTaskHandle
                0x0000000020008dc0                hspi2
                0x0000000020008e18                BinarySemCANHandle
                0x0000000020008e1c                hi2c1
                0x0000000020008e70                hiwdg
                0x0000000020008e7c                hcrc
                0x0000000020008e84                hi2c2
                0x0000000020008ed8                hdsi
                0x0000000020008ef4                hltdc
                0x0000000020008f9c                hadc1
                0x0000000020008fe4                hcan2
                0x000000002000900c                TouchGFXTaskHandle
                0x0000000020009010                hdma_sdio_tx
                0x0000000020009070                hsd
                0x00000000200090f4                huart6
                0x0000000020009138                hdma2d
                0x0000000020009178                htim2
                0x00000000200091c0                hcan1
                0x00000000200091e8                hsdram1
                0x000000002000921c                hqspi
 COMMON         0x0000000020009268       0x48 ./Core/Src/stm32f4xx_hal_timebase_tim.o
                0x0000000020009268                htim6
 COMMON         0x00000000200092b0        0x4 ./Drivers/STM32F4xx_HAL_Driver/Src/stm32f4xx_hal.o
                0x00000000200092b0                uwTick
 COMMON         0x00000000200092b4     0x206c ./FATFS/App/fatfs.o
                0x00000000200092b4                retSD
                0x00000000200092b8                SDPath
                0x00000000200092bc                SDFile
                0x000000002000a2ec                SDFatFS
 COMMON         0x000000002000b320       0x40 ./Middlewares/Third_Party/FreeRTOS/Source/queue.o
                0x000000002000b320                xQueueRegistry
                0x000000002000b360                . = ALIGN (0x4)
                0x000000002000b360                _ebss = .
                0x000000002000b360                __bss_end__ = _ebss

._user_heap_stack
                0x000000002000b360     0x2000
                0x000000002000b360                . = ALIGN (0x8)
                [!provide]                        PROVIDE (end = .)
                0x000000002000b360                PROVIDE (_end = .)
                0x000000002000c360                . = (. + _Min_Heap_Size)
 *fill*         0x000000002000b360     0x1000 
                0x000000002000d360                . = (. + _Min_Stack_Size)
 *fill*         0x000000002000c360     0x1000 
                0x000000002000d360                . = ALIGN (0x8)

/DISCARD/
 libc.a(*)
 libm.a(*)
 libgcc.a(*)

.ARM.attributes
                0x0000000000000000       0x30
 *(.ARM.attributes)
 .ARM.attributes
                0x0000000000000000       0x1e c:/st/stm32cubeide_1.8.0/stm32cubeide/plugins/com.st.stm32cube.ide.mcu.externaltools.gnu-tools-for-stm32.9-2020-q2-update.win32_2.0.0.202105311346/tools/bin/../lib/gcc/arm-none-eabi/9.3.1/thumb/v7e-m+fp/hard/crti.o
 .ARM.attributes
                0x000000000000001e       0x34 c:/st/stm32cubeide_1.8.0/stm32cubeide/plugins/com.st.stm32cube.ide.mcu.externaltools.gnu-tools-for-stm32.9-2020-q2-update.win32_2.0.0.202105311346/tools/bin/../lib/gcc/arm-none-eabi/9.3.1/thumb/v7e-m+fp/hard/crtbegin.o
 .ARM.attributes
                0x0000000000000052       0x34 ./Core/Src/freertos.o
 .ARM.attributes
                0x0000000000000086       0x34 ./Core/Src/main.o
 .ARM.attributes
                0x00000000000000ba       0x34 ./Core/Src/stm32f4xx_hal_msp.o
 .ARM.attributes
                0x00000000000000ee       0x34 ./Core/Src/stm32f4xx_hal_timebase_tim.o
 .ARM.attributes
                0x0000000000000122       0x34 ./Core/Src/stm32f4xx_it.o
 .ARM.attributes
                0x0000000000000156       0x34 ./Core/Src/system_stm32f4xx.o
 .ARM.attributes
                0x000000000000018a       0x21 ./Core/Startup/startup_stm32f469nihx.o
 .ARM.attributes
                0x00000000000001ab       0x34 ./Drivers/STM32F4xx_HAL_Driver/Src/stm32f4xx_hal.o
 .ARM.attributes
                0x00000000000001df       0x34 ./Drivers/STM32F4xx_HAL_Driver/Src/stm32f4xx_hal_adc.o
 .ARM.attributes
                0x0000000000000213       0x34 ./Drivers/STM32F4xx_HAL_Driver/Src/stm32f4xx_hal_can.o
 .ARM.attributes
                0x0000000000000247       0x34 ./Drivers/STM32F4xx_HAL_Driver/Src/stm32f4xx_hal_cortex.o
 .ARM.attributes
                0x000000000000027b       0x34 ./Drivers/STM32F4xx_HAL_Driver/Src/stm32f4xx_hal_crc.o
 .ARM.attributes
                0x00000000000002af       0x34 ./Drivers/STM32F4xx_HAL_Driver/Src/stm32f4xx_hal_dma.o
 .ARM.attributes
                0x00000000000002e3       0x34 ./Drivers/STM32F4xx_HAL_Driver/Src/stm32f4xx_hal_dma2d.o
 .ARM.attributes
                0x0000000000000317       0x34 ./Drivers/STM32F4xx_HAL_Driver/Src/stm32f4xx_hal_dsi.o
 .ARM.attributes
                0x000000000000034b       0x34 ./Drivers/STM32F4xx_HAL_Driver/Src/stm32f4xx_hal_gpio.o
 .ARM.attributes
                0x000000000000037f       0x34 ./Drivers/STM32F4xx_HAL_Driver/Src/stm32f4xx_hal_i2c.o
 .ARM.attributes