datetime.c:49:6:DateTime_Init	24	static
datetime.c:69:6:DateTime_UpdateString	8	static
datetime.c:82:6:DateTime_AddSecond	4	static
datetime.c:129:9:DateTime_ItsaNewDay	24	static
datetime.c:150:6:DateTime_setDateString	32	static
datetime.c:204:6:DateTime_setTimeString	32	static
datetime.c:256:9:DateTime_test_AddSecond	24	static
datetime.c:272:9:DateTime_test_NewDay	24	static
datetime.c:287:9:DateTime_test_NewYear	24	static
datetime.c:301:9:DateTime_test_UpdateString	4	static
datetime.c:313:9:DateTime_test_all	16	static
