fatman.c:34:6:fatman_init	16	static
fatman.c:57:6:fatman_write	24	static
fatman.c:85:6:fatman_read	16	static
fatman.c:110:6:fatman_copy	16	static
fatman.c:126:6:fm_test_NormalUse1	8	static
fatman.c:142:6:fm_test_NormalUse2	56	static
fatman.c:170:6:fm_test_WHITheFilePathChanges	120	static
fatman.c:198:6:fm_test_WHIitsWritedSeveralConsecutiveTimes	56	static
fatman.c:234:6:fm_test_CheckIf4096IsTheLimit	80	static
fatman.c:287:6:fm_test_WHItheBufferIsTooBig	80	static
fatman.c:333:6:fm_test_read	40	static
fatman.c:365:6:fatman_test_all	8	static
