fatman.c:39:6:fatman_init	16	static
fatman.c:62:6:fatman_write	24	static
fatman.c:90:6:fatman_read	16	static
fatman.c:115:6:fatman_copy	16	static
fatman.c:131:6:fm_test_NormalUse1	8	static
fatman.c:147:6:fm_test_NormalUse2	56	static
fatman.c:175:6:fm_test_WHITheFilePathChanges	120	static
fatman.c:203:6:fm_test_WHIitsWritedSeveralConsecutiveTimes	56	static
fatman.c:239:6:fm_test_CheckIf4096IsTheLimit	80	static
fatman.c:292:6:fm_test_WHItheBufferIsTooBig	80	static
fatman.c:338:6:fm_test_read	40	static
fatman.c:370:6:fatman_test_all	8	static
