core_cm4.h:2064:26:ITM_SendChar	16	static,ignoring_inline_asm
main.c:260:5:main	8	static
main.c:403:6:SystemClock_Config	88	static
main.c:455:13:MX_ADC1_Init	24	static
main.c:505:13:MX_CAN1_Init	48	static
main.c:553:13:MX_CAN2_Init	48	static
main.c:600:13:MX_CRC_Init	8	static
main.c:626:13:MX_DMA2D_Init	8	static
main.c:663:13:MX_DSIHOST_DSI_Init	176	static
main.c:772:13:MX_I2C1_Init	8	static
main.c:806:13:MX_I2C2_Init	8	static
main.c:840:13:MX_IWDG_Init	8	static
main.c:868:13:MX_LTDC_Init	64	static
main.c:930:13:MX_QUADSPI_Init	8	static
main.c:965:13:MX_SDIO_SD_Init	4	static
main.c:993:13:MX_SPI2_Init	8	static
main.c:1031:13:MX_TIM2_Init	32	static
main.c:1076:13:MX_USART6_UART_Init	8	static
main.c:1107:13:MX_DMA_Init	16	static
main.c:1124:13:MX_FMC_Init	40	static
main.c:1175:13:MX_GPIO_Init	72	static
main.c:1264:5:__io_putchar	16	static
main.c:1271:10:Convert_Command_Value	24	static
main.c:1288:6:AssignDefaultValue	16	static
main.c:1327:6:HAL_CAN_RxFifo1MsgPendingCallback	56	static
main.c:1355:6:StartDefaultTask	24	static
main.c:1382:6:StartStateTask	24	static
main.c:1423:6:StartOutTask	24	static
main.c:1552:6:StartModeTask	24	static
main.c:1614:6:StartTimeTask	24	static
main.c:1666:6:StartCAN2TxTask	112	static
main.c:1736:6:StartErrorManager	32	static
main.c:1771:6:StartSDTask	24	static
main.c:1805:6:StartCAN1RxTxTask	112	static
main.c:1957:6:StartAlarmTask	24	static
main.c:2008:6:StartFaultTask	16	static
main.c:2026:6:StartValveTask	16	static
main.c:2044:6:StartRequestTask	16	static
main.c:2063:6:HAL_TIM_PeriodElapsedCallback	16	static
main.c:2080:6:Error_Handler	4	static,ignoring_inline_asm
