main.c:259:5:main	8	static
main.c:404:6:SystemClock_Config	88	static
main.c:456:13:MX_ADC1_Init	24	static
main.c:506:13:MX_CAN1_Init	48	static
main.c:554:13:MX_CAN2_Init	48	static
main.c:601:13:MX_CRC_Init	8	static
main.c:627:13:MX_DMA2D_Init	8	static
main.c:664:13:MX_DSIHOST_DSI_Init	176	static
main.c:773:13:MX_I2C1_Init	8	static
main.c:807:13:MX_I2C2_Init	8	static
main.c:841:13:MX_IWDG_Init	8	static
main.c:869:13:MX_LTDC_Init	64	static
main.c:931:13:MX_QUADSPI_Init	8	static
main.c:966:13:MX_SDIO_SD_Init	4	static
main.c:994:13:MX_SPI2_Init	8	static
main.c:1032:13:MX_TIM2_Init	32	static
main.c:1077:13:MX_USART6_UART_Init	8	static
main.c:1108:13:MX_DMA_Init	16	static
main.c:1125:13:MX_FMC_Init	40	static
main.c:1176:13:MX_GPIO_Init	72	static
main.c:1265:5:__io_putchar	16	static
main.c:1271:10:Convert_Command_Value	24	static
main.c:1288:6:AssignDefaultValue	16	static
main.c:1325:6:HAL_CAN_RxFifo1MsgPendingCallback	56	static
main.c:1353:6:StartDefaultTask	24	static
main.c:1380:6:StartStateTask	24	static
main.c:1421:6:StartOutTask	24	static
main.c:1550:6:StartModeTask	24	static
main.c:1604:6:StartTimeTask	24	static
main.c:1656:6:StartCAN2TxTask	112	static
main.c:1726:6:StartErrorManager	32	static
main.c:1761:6:StartSDTask	24	static
main.c:1795:6:StartCAN1RxTxTask	112	static
main.c:1947:6:StartAlarmTask	24	static
main.c:1998:6:StartFaultTask	16	static
main.c:2016:6:StartValveTask	16	static
main.c:2034:6:StartRequestTask	16	static
main.c:2053:6:HAL_TIM_PeriodElapsedCallback	16	static
main.c:2070:6:Error_Handler	4	static,ignoring_inline_asm
