main.c:259:5:main	8	static
main.c:407:6:SystemClock_Config	88	static
main.c:459:13:MX_ADC1_Init	24	static
main.c:509:13:MX_CAN1_Init	48	static
main.c:557:13:MX_CAN2_Init	48	static
main.c:604:13:MX_CRC_Init	8	static
main.c:630:13:MX_DMA2D_Init	8	static
main.c:667:13:MX_DSIHOST_DSI_Init	176	static
main.c:776:13:MX_I2C1_Init	8	static
main.c:810:13:MX_I2C2_Init	8	static
main.c:844:13:MX_IWDG_Init	8	static
main.c:872:13:MX_LTDC_Init	64	static
main.c:934:13:MX_QUADSPI_Init	8	static
main.c:969:13:MX_SDIO_SD_Init	4	static
main.c:997:13:MX_SPI2_Init	8	static
main.c:1035:13:MX_TIM2_Init	32	static
main.c:1080:13:MX_USART6_UART_Init	8	static
main.c:1111:13:MX_DMA_Init	16	static
main.c:1128:13:MX_FMC_Init	40	static
main.c:1179:13:MX_GPIO_Init	72	static
main.c:1268:5:__io_putchar	16	static
main.c:1274:10:Convert_Command_Value	24	static
main.c:1291:6:AssignDefaultValue	16	static
main.c:1324:6:HAL_CAN_RxFifo1MsgPendingCallback	56	static
main.c:1387:6:StartDefaultTask	24	static
main.c:1406:6:StartStateTask	24	static
main.c:1447:6:StartOutTask	24	static
main.c:1582:6:StartModeTask	24	static
main.c:1636:6:StartTimeTask	24	static
main.c:1681:6:StartCAN2TxTask	120	static
main.c:1751:6:StartErrorManager	32	static
main.c:1786:6:StartSDTask	24	static
main.c:1837:6:StartCAN1RxTxTask	40	static
main.c:1989:6:StartAlarmTask	24	static
main.c:2037:6:StartFaultTask	16	static
main.c:2055:6:StartValveTask	16	static
main.c:2073:6:StartRequestTask	16	static
main.c:2092:6:HAL_TIM_PeriodElapsedCallback	16	static
main.c:2109:6:Error_Handler	4	static,ignoring_inline_asm
