core_cm4.h:2064:26:ITM_SendChar	16	static,ignoring_inline_asm
main.c:257:5:main	8	static
main.c:399:6:SystemClock_Config	88	static
main.c:450:13:MX_ADC1_Init	24	static
main.c:500:13:MX_CAN1_Init	48	static
main.c:548:13:MX_CAN2_Init	48	static
main.c:595:13:MX_CRC_Init	8	static
main.c:621:13:MX_DMA2D_Init	8	static
main.c:658:13:MX_DSIHOST_DSI_Init	176	static
main.c:767:13:MX_I2C1_Init	8	static
main.c:801:13:MX_I2C2_Init	8	static
main.c:835:13:MX_LTDC_Init	64	static
main.c:897:13:MX_QUADSPI_Init	8	static
main.c:932:13:MX_SDIO_SD_Init	4	static
main.c:960:13:MX_SPI2_Init	8	static
main.c:998:13:MX_TIM2_Init	32	static
main.c:1043:13:MX_USART6_UART_Init	8	static
main.c:1074:13:MX_DMA_Init	16	static
main.c:1091:13:MX_FMC_Init	40	static
main.c:1142:13:MX_GPIO_Init	72	static
main.c:1251:5:__io_putchar	16	static
main.c:1258:10:Convert_Command_Value	24	static
main.c:1275:6:AssignDefaultValue	16	static
main.c:1314:6:HAL_CAN_RxFifo1MsgPendingCallback	56	static
main.c:1342:6:StartDefaultTask	24	static
main.c:1369:6:StartStateTask	24	static
main.c:1410:6:StartOutTask	24	static
main.c:1562:6:StartModeTask	24	static
main.c:1633:6:StartTimeTask	24	static
main.c:1684:6:StartCAN2TxTask	112	static
main.c:1754:6:StartErrorManager	32	static
main.c:1789:6:StartSDTask	24	static
main.c:1825:6:StartCAN1RxTxTask	112	static
main.c:1977:6:StartAlarmTask	24	static
main.c:2028:6:StartFaultTask	16	static
main.c:2046:6:StartValveTask	16	static
main.c:2064:6:StartRequestTask	16	static
main.c:2083:6:HAL_TIM_PeriodElapsedCallback	16	static
main.c:2100:6:Error_Handler	4	static,ignoring_inline_asm
