main.c:232:5:main	8	static
main.c:397:6:SystemClock_Config	88	static
main.c:449:13:MX_ADC1_Init	24	static
main.c:499:13:MX_CAN1_Init	48	static
main.c:547:13:MX_CAN2_Init	48	static
main.c:594:13:MX_CRC_Init	8	static
main.c:620:13:MX_DMA2D_Init	8	static
main.c:657:13:MX_DSIHOST_DSI_Init	176	static
main.c:766:13:MX_I2C1_Init	8	static
main.c:800:13:MX_I2C2_Init	8	static
main.c:834:13:MX_IWDG_Init	8	static
main.c:862:13:MX_LTDC_Init	64	static
main.c:924:13:MX_QUADSPI_Init	8	static
main.c:959:13:MX_SDIO_SD_Init	4	static
main.c:987:13:MX_SPI2_Init	8	static
main.c:1025:13:MX_TIM2_Init	32	static
main.c:1070:13:MX_USART6_UART_Init	8	static
main.c:1101:13:MX_DMA_Init	16	static
main.c:1118:13:MX_FMC_Init	40	static
main.c:1169:13:MX_GPIO_Init	72	static
main.c:1258:5:__io_putchar	16	static
main.c:1264:10:Convert_Command_Value	24	static
main.c:1281:6:AssignDefaultValue	24	static
main.c:1312:6:HAL_CAN_RxFifo1MsgPendingCallback	56	static
main.c:1375:6:StartDefaultTask	24	static
main.c:1394:6:StartStateTask	24	static
main.c:1435:6:StartOutTask	24	static
main.c:1570:6:StartModeTask	24	static
main.c:1624:6:StartTimeTask	24	static
main.c:1661:6:StartCAN2TxTask	120	static
main.c:1731:6:StartErrorManager	32	static
main.c:1766:6:StartSDTask	24	static
main.c:1817:6:StartCAN1RxTxTask	40	static
main.c:1970:6:HAL_TIM_PeriodElapsedCallback	16	static
main.c:1987:6:Error_Handler	4	static,ignoring_inline_asm
