mcp2515.c:9:9:MCP2515_Initialize	16	static
mcp2515.c:27:9:MCP2515_SetConfigMode	16	static
mcp2515.c:46:9:MCP2515_SetNormalMode	16	static
mcp2515.c:65:9:MCP2515_SetSleepMode	16	static
mcp2515.c:84:6:MCP2515_Reset	8	static
mcp2515.c:94:9:MCP2515_ReadByte	24	static
mcp2515.c:110:6:MCP2515_ReadRxSequence	16	static
mcp2515.c:121:6:MCP2515_WriteByte	16	static
mcp2515.c:133:6:MCP2515_WriteByteSequence	16	static
mcp2515.c:145:6:MCP2515_LoadTxSequence	24	static
mcp2515.c:158:6:MCP2515_LoadTxBuffer	16	static
mcp2515.c:169:6:MCP2515_RequestToSend	16	static
mcp2515.c:179:9:MCP2515_ReadStatus	16	static
mcp2515.c:194:9:MCP2515_GetRxStatus	16	static
mcp2515.c:209:6:MCP2515_BitModify	16	static
mcp2515.c:222:13:SPI_Tx	16	static
mcp2515.c:228:13:SPI_TxBuffer	16	static
mcp2515.c:234:16:SPI_Rx	16	static
mcp2515.c:242:13:SPI_RxBuffer	16	static
