stm32f4xx_hal_msp.c:67:6:HAL_MspInit	16	static
stm32f4xx_hal_msp.c:91:6:HAL_ADC_MspInit	24	static
stm32f4xx_hal_msp.c:113:6:HAL_ADC_MspDeInit	16	static
stm32f4xx_hal_msp.c:137:6:HAL_CAN_MspInit	56	static
stm32f4xx_hal_msp.c:210:6:HAL_CAN_MspDeInit	16	static
stm32f4xx_hal_msp.c:265:6:HAL_CRC_MspInit	24	static
stm32f4xx_hal_msp.c:287:6:HAL_CRC_MspDeInit	16	static
stm32f4xx_hal_msp.c:309:6:HAL_DMA2D_MspInit	24	static
stm32f4xx_hal_msp.c:334:6:HAL_DMA2D_MspDeInit	16	static
stm32f4xx_hal_msp.c:359:6:HAL_DSI_MspInit	48	static
stm32f4xx_hal_msp.c:397:6:HAL_DSI_MspDeInit	16	static
stm32f4xx_hal_msp.c:427:6:HAL_I2C_MspInit	56	static
stm32f4xx_hal_msp.c:487:6:HAL_I2C_MspDeInit	16	static
stm32f4xx_hal_msp.c:538:6:HAL_LTDC_MspInit	80	static
stm32f4xx_hal_msp.c:575:6:HAL_LTDC_MspDeInit	16	static
stm32f4xx_hal_msp.c:600:6:HAL_QSPI_MspInit	48	static
stm32f4xx_hal_msp.c:655:6:HAL_QSPI_MspDeInit	16	static
stm32f4xx_hal_msp.c:691:6:HAL_SD_MspInit	112	static
stm32f4xx_hal_msp.c:803:6:HAL_SD_MspDeInit	16	static
stm32f4xx_hal_msp.c:845:6:HAL_SPI_MspInit	48	static
stm32f4xx_hal_msp.c:890:6:HAL_SPI_MspDeInit	16	static
stm32f4xx_hal_msp.c:922:6:HAL_TIM_Base_MspInit	24	static
stm32f4xx_hal_msp.c:947:6:HAL_TIM_Base_MspDeInit	16	static
stm32f4xx_hal_msp.c:972:6:HAL_UART_MspInit	48	static
stm32f4xx_hal_msp.c:1008:6:HAL_UART_MspDeInit	16	static
stm32f4xx_hal_msp.c:1033:13:HAL_FMC_MspInit	32	static
stm32f4xx_hal_msp.c:1167:6:HAL_SDRAM_MspInit	16	static
stm32f4xx_hal_msp.c:1179:13:HAL_FMC_MspDeInit	8	static
stm32f4xx_hal_msp.c:1276:6:HAL_SDRAM_MspDeInit	16	static
