stm32469i_discovery_sdram.c:148:9:BSP_SDRAM_Init	8	static
stm32469i_discovery_sdram.c:197:9:BSP_SDRAM_DeInit	8	static
stm32469i_discovery_sdram.c:220:6:BSP_SDRAM_Initialization_sequence	24	static
stm32469i_discovery_sdram.c:283:9:BSP_SDRAM_ReadData	24	static
stm32469i_discovery_sdram.c:302:9:BSP_SDRAM_ReadData_DMA	24	static
stm32469i_discovery_sdram.c:321:9:BSP_SDRAM_WriteData	24	static
stm32469i_discovery_sdram.c:340:9:BSP_SDRAM_WriteData_DMA	24	static
stm32469i_discovery_sdram.c:357:9:BSP_SDRAM_Sendcmd	16	static
stm32469i_discovery_sdram.c:372:6:BSP_SDRAM_DMA_IRQHandler	8	static
stm32469i_discovery_sdram.c:383:13:BSP_SDRAM_MspInit	72	static
stm32469i_discovery_sdram.c:490:13:BSP_SDRAM_MspDeInit	16	static
